DOMAIN-SUFFIX,101.ru
DOMAIN-SUFFIX,16-bits.ru
DOMAIN-SUFFIX,1internet.tv
DOMAIN-SUFFIX,1prime.ru
DOMAIN-SUFFIX,1rsload.ru
DOMAIN-SUFFIX,1tv.ru
DOMAIN-SUFFIX,288sb.com
DOMAIN-SUFFIX,2gis.ua
DOMAIN-SUFFIX,2kita.com
DOMAIN-SUFFIX,2whois.ru
DOMAIN-SUFFIX,3dn.ru
DOMAIN-SUFFIX,3dnews.ru
DOMAIN-SUFFIX,3dtoday.ru
DOMAIN-SUFFIX,4brain.ru
DOMAIN-SUFFIX,4pda.to
DOMAIN-SUFFIX,7themes.su
DOMAIN-SUFFIX,9111s.ru
DOMAIN-SUFFIX,9649.ru
DOMAIN-SUFFIX,adacoins.ru
DOMAIN-SUFFIX,adhigh.net
DOMAIN-SUFFIX,adwolf.ru
DOMAIN-SUFFIX,ag.ru
DOMAIN-SUFFIX,agava.net.ru
DOMAIN-SUFFIX,aif.ru
DOMAIN-SUFFIX,aladdin-rd.ru
DOMAIN-SUFFIX,alfabank.ru
DOMAIN-SUFFIX,aliexpress.ru
DOMAIN-SUFFIX,all-poster.ru
DOMAIN-SUFFIX,amalgama-lab.com
DOMAIN-SUFFIX,amediateka.ru
DOMAIN-SUFFIX,amlgames.com
DOMAIN-SUFFIX,aniqit.com
DOMAIN-SUFFIX,anomaly-zone.net
DOMAIN-SUFFIX,anomaly-zone.ru
DOMAIN-SUFFIX,antispamsniper.com
DOMAIN-SUFFIX,antistarforce.com
DOMAIN-SUFFIX,api-prod-europaplus.apptimizm.pro
DOMAIN-SUFFIX,api.viqeo.tv
DOMAIN-SUFFIX,apptractor.ru
DOMAIN-SUFFIX,arbitr.ru
DOMAIN-SUFFIX,arcanecoast.ru
DOMAIN-SUFFIX,artmoney.ru
DOMAIN-SUFFIX,artpeople.ru
DOMAIN-SUFFIX,ascnb1.ru
DOMAIN-SUFFIX,asp24.ru
DOMAIN-SUFFIX,atraining.ru
DOMAIN-SUFFIX,autobook.one
DOMAIN-SUFFIX,autosport.com.ru
DOMAIN-SUFFIX,av3715.ru
DOMAIN-SUFFIX,avcdn.net
DOMAIN-SUFFIX,awru.my.games
DOMAIN-SUFFIX,bafista.ru
DOMAIN-SUFFIX,bdocodex.com
DOMAIN-SUFFIX,bedshard.lol
DOMAIN-SUFFIX,beeline.ru
DOMAIN-SUFFIX,beget.com
DOMAIN-SUFFIX,bet365.com
DOMAIN-SUFFIX,bethesda.net
DOMAIN-SUFFIX,bigsv.ru
DOMAIN-SUFFIX,bin.entware.net
DOMAIN-SUFFIX,bitasproductions.ru
DOMAIN-SUFFIX,bizon365.ru
DOMAIN-SUFFIX,blast.hk
DOMAIN-SUFFIX,bloknot.ru
DOMAIN-SUFFIX,blynk.tk
DOMAIN-SUFFIX,boosty.to
DOMAIN-SUFFIX,burda.ru
DOMAIN-SUFFIX,cackle.me
DOMAIN-SUFFIX,calend.ru
DOMAIN-SUFFIX,cdn.ag.ru
DOMAIN-SUFFIX,cdn.tf
DOMAIN-SUFFIX,cdnbunny.org
DOMAIN-SUFFIX,cdnland.in
DOMAIN-SUFFIX,cdnvideo.ru
DOMAIN-SUFFIX,chat.ru
DOMAIN-SUFFIX,chbrr.crimea.com
DOMAIN-SUFFIX,chernayamagiya.com
DOMAIN-SUFFIX,chipmaker.ru
DOMAIN-SUFFIX,chronos.vl.ru
DOMAIN-SUFFIX,chto-eto-takoe.ru
DOMAIN-SUFFIX,ciliz.com
DOMAIN-SUFFIX,citilink.ru
DOMAIN-SUFFIX,click.ru
DOMAIN-SUFFIX,cloud.pocketbook.digital
DOMAIN-SUFFIX,club443.ru
DOMAIN-SUFFIX,cnews.ru
DOMAIN-SUFFIX,code.mu
DOMAIN-SUFFIX,codenet.ru
DOMAIN-SUFFIX,college.ru
DOMAIN-SUFFIX,com.ru
DOMAIN-SUFFIX,combot.org
DOMAIN-SUFFIX,consoleclub.fun
DOMAIN-SUFFIX,cont.ws
DOMAIN-SUFFIX,conversmod.ru
DOMAIN-SUFFIX,core.tf
DOMAIN-SUFFIX,coub.com
DOMAIN-SUFFIX,cqham.ru
DOMAIN-SUFFIX,creagames.com
DOMAIN-SUFFIX,crimea.com
DOMAIN-SUFFIX,css-ms.ru
DOMAIN-SUFFIX,cwer.ru
DOMAIN-SUFFIX,cwer.su
DOMAIN-SUFFIX,cwer.sucwer.ws
DOMAIN-SUFFIX,cwer.ws
DOMAIN-SUFFIX,cyberforum.ru
DOMAIN-SUFFIX,d-cd.net
DOMAIN-SUFFIX,d3-28.ru
DOMAIN-SUFFIX,d4reflection.org
DOMAIN-SUFFIX,darkside.ru
DOMAIN-SUFFIX,data.nag.ru
DOMAIN-SUFFIX,data.nag.wiki
DOMAIN-SUFFIX,datadome.co
DOMAIN-SUFFIX,datalock.ru
DOMAIN-SUFFIX,ddos-guard.net
DOMAIN-SUFFIX,depirf.ru
DOMAIN-SUFFIX,des-life.ru
DOMAIN-SUFFIX,deviantart.net
DOMAIN-SUFFIX,diakov.net
DOMAIN-SUFFIX,dimonvideo.ru
DOMAIN-SUFFIX,dklab.ru
DOMAIN-SUFFIX,dlink.ru
DOMAIN-SUFFIX,dmde.ru
DOMAIN-SUFFIX,dmkos.ru
DOMAIN-SUFFIX,dnd.su
DOMAIN-SUFFIX,dns-shop.ru
DOMAIN-SUFFIX,docs-python.ru
DOMAIN-SUFFIX,donationalerts.com
DOMAIN-SUFFIX,dos.zone
DOMAIN-SUFFIX,drive2.ru
DOMAIN-SUFFIX,driver.ru
DOMAIN-SUFFIX,droider.ru
DOMAIN-SUFFIX,dropmefiles.com
DOMAIN-SUFFIX,drweb.com
DOMAIN-SUFFIX,drweb.ru
DOMAIN-SUFFIX,dtf.ru
DOMAIN-SUFFIX,dumps.tadiphone.dev
DOMAIN-SUFFIX,dvhab.ru
DOMAIN-SUFFIX,dzen.ru
DOMAIN-SUFFIX,e-06.adwolf.ru
DOMAIN-SUFFIX,e-hentai.org
DOMAIN-SUFFIX,e1.ru
DOMAIN-SUFFIX,easynod.ru
DOMAIN-SUFFIX,easynod.servebeer.com
DOMAIN-SUFFIX,eax.me
DOMAIN-SUFFIX,edemtv.me
DOMAIN-SUFFIX,elcats.ru
DOMAIN-SUFFIX,electrotransport.ru
DOMAIN-SUFFIX,elementy.ru
DOMAIN-SUFFIX,elibrary.ru
DOMAIN-SUFFIX,eljur.ru
DOMAIN-SUFFIX,emgsound.ru
DOMAIN-SUFFIX,enigma.ua
DOMAIN-SUFFIX,entware.net
DOMAIN-SUFFIX,esir.gov.spb.ru
DOMAIN-SUFFIX,esp8266.ru
DOMAIN-SUFFIX,esputnik.com
DOMAIN-SUFFIX,etu.ru
DOMAIN-SUFFIX,europaplus.ru
DOMAIN-SUFFIX,excelworld.ru
DOMAIN-SUFFIX,exesniper.com
DOMAIN-SUFFIX,exist.parts
DOMAIN-SUFFIX,f1news.ru
DOMAIN-SUFFIX,fanfics.me
DOMAIN-SUFFIX,fansubs.ru
DOMAIN-SUFFIX,farmanager.com
DOMAIN-SUFFIX,fastpic.org
DOMAIN-SUFFIX,fedulovschool.com
DOMAIN-SUFFIX,feedsmart.ru
DOMAIN-SUFFIX,ficbook.net
DOMAIN-SUFFIX,filmic.ac
DOMAIN-SUFFIX,filmix.ac
DOMAIN-SUFFIX,fixmypc.ru
DOMAIN-SUFFIX,flashboot.ru
DOMAIN-SUFFIX,flipperzero.one
DOMAIN-SUFFIX,fornote.net
DOMAIN-SUFFIX,forscan.org
DOMAIN-SUFFIX,forummikrotik.ru
DOMAIN-SUFFIX,forumupload.ru
DOMAIN-SUFFIX,fotopik.net
DOMAIN-SUFFIX,fotostrana.ru
DOMAIN-SUFFIX,freelance.ru
DOMAIN-SUFFIX,freeman42.ru
DOMAIN-SUFFIX,freize.net
DOMAIN-SUFFIX,frenglish.ru
DOMAIN-SUFFIX,ftpserver.biz
DOMAIN-SUFFIX,game-debate.com
DOMAIN-SUFFIX,gamearmy.ru
DOMAIN-SUFFIX,gameawards.ru
DOMAIN-SUFFIX,gamekot.top
DOMAIN-SUFFIX,gatoga.ru
DOMAIN-SUFFIX,gazeta.ru
DOMAIN-SUFFIX,gcdn.co
DOMAIN-SUFFIX,getcourse.ru
DOMAIN-SUFFIX,getnet.pro
DOMAIN-SUFFIX,gisclub.tv
DOMAIN-SUFFIX,gismeteo.ru
DOMAIN-SUFFIX,gitflic.ru
DOMAIN-SUFFIX,godville.net
DOMAIN-SUFFIX,goodgame.ru
DOMAIN-SUFFIX,gosuslugi.ru
DOMAIN-SUFFIX,gov.ru
DOMAIN-SUFFIX,gov.spb.ru
DOMAIN-SUFFIX,government.ru
DOMAIN-SUFFIX,gpmradio.ru
DOMAIN-SUFFIX,gs-corp.ru
DOMAIN-SUFFIX,gta.ru
DOMAIN-SUFFIX,gubkin.ru
DOMAIN-SUFFIX,gvol.ru
DOMAIN-SUFFIX,h-helpers.ru
DOMAIN-SUFFIX,habr.com
DOMAIN-SUFFIX,habr.ru
DOMAIN-SUFFIX,hamsdr.ru
DOMAIN-SUFFIX,hdrezka.ag
DOMAIN-SUFFIX,hdrezka.me
DOMAIN-SUFFIX,hdrezka.org
DOMAIN-SUFFIX,health-diet.ru
DOMAIN-SUFFIX,hi-fi-forum.net
DOMAIN-SUFFIX,hi-fidelity-forum.com
DOMAIN-SUFFIX,highspeednetwork.ru
DOMAIN-SUFFIX,hightech.plus
DOMAIN-SUFFIX,hlboost.ru
DOMAIN-SUFFIX,hls-01-regions.emgsound.ru
DOMAIN-SUFFIX,horrorzone.ru
DOMAIN-SUFFIX,hostingradio.ru
DOMAIN-SUFFIX,i-edem.tv
DOMAIN-SUFFIX,iddqd.ru
DOMAIN-SUFFIX,ideafix.name
DOMAIN-SUFFIX,ideafix.su
DOMAIN-SUFFIX,iedem.tv
DOMAIN-SUFFIX,igromania.ru
DOMAIN-SUFFIX,iguides.ru
DOMAIN-SUFFIX,ihc.ru
DOMAIN-SUFFIX,ihor-hosting.ru
DOMAIN-SUFFIX,ilook.tv
DOMAIN-SUFFIX,ilyabirman.ru
DOMAIN-SUFFIX,imageban.ru
DOMAIN-SUFFIX,imgzona.video
DOMAIN-SUFFIX,infergames.com
DOMAIN-SUFFIX,informing.ru
DOMAIN-SUFFIX,infostart.ru
DOMAIN-SUFFIX,inlnk.ru
DOMAIN-SUFFIX,inosmi.ru
DOMAIN-SUFFIX,insearch.site
DOMAIN-SUFFIX,interfax.ru
DOMAIN-SUFFIX,internet-lab.ru
DOMAIN-SUFFIX,involta.ru
DOMAIN-SUFFIX,iplookup.vvdev.ru
DOMAIN-SUFFIX,iptvin.ru
DOMAIN-SUFFIX,ispsystem.ru
DOMAIN-SUFFIX,it999.ru
DOMAIN-SUFFIX,itc-life.ru
DOMAIN-SUFFIX,ithelp21.ru
DOMAIN-SUFFIX,ixbt.com
DOMAIN-SUFFIX,ixbt.games
DOMAIN-SUFFIX,iz.ru
DOMAIN-SUFFIX,jaomix.ru
DOMAIN-SUFFIX,japancats.ru
DOMAIN-SUFFIX,jiht.ru
DOMAIN-SUFFIX,jino.ru
DOMAIN-SUFFIX,jira.ru
DOMAIN-SUFFIX,joyreactor.cc
DOMAIN-SUFFIX,k.cackle.me
DOMAIN-SUFFIX,k3d.tech
DOMAIN-SUFFIX,kaspersky.com
DOMAIN-SUFFIX,kaspersky.ru
DOMAIN-SUFFIX,kg-portal.ru
DOMAIN-SUFFIX,kini24.ru
DOMAIN-SUFFIX,kino-teatr.ru
DOMAIN-SUFFIX,kinoafisha.ru
DOMAIN-SUFFIX,kinokong.pro
DOMAIN-SUFFIX,kinzhal.media
DOMAIN-SUFFIX,kiozk.ru
DOMAIN-SUFFIX,kodik.biz
DOMAIN-SUFFIX,korabli.su
DOMAIN-SUFFIX,koroleffsov.ru
DOMAIN-SUFFIX,koronapay.com
DOMAIN-SUFFIX,koshara.co
DOMAIN-SUFFIX,kp.ru
DOMAIN-SUFFIX,kpfu.ru
DOMAIN-SUFFIX,krt-club.ru
DOMAIN-SUFFIX,kunch.kg
DOMAIN-SUFFIX,labirint.ru
DOMAIN-SUFFIX,laitis.ru
DOMAIN-SUFFIX,lambda13.online
DOMAIN-SUFFIX,lampa32.ru
DOMAIN-SUFFIX,ldplayer.net
DOMAIN-SUFFIX,lenovo-forums.ru
DOMAIN-SUFFIX,lenta.ru
DOMAIN-SUFFIX,leonardo.osnova.io
DOMAIN-SUFFIX,lesta.ru
DOMAIN-SUFFIX,lib.ru
DOMAIN-SUFFIX,lifelink.ru
DOMAIN-SUFFIX,liga.net
DOMAIN-SUFFIX,linkmeup.ru
DOMAIN-SUFFIX,linuxforum.ru
DOMAIN-SUFFIX,linuxmint.com.ru
DOMAIN-SUFFIX,linuxrussia.com
DOMAIN-SUFFIX,litres.ru
DOMAIN-SUFFIX,live.vkvideo.ru
DOMAIN-SUFFIX,livejournal.com
DOMAIN-SUFFIX,lms.mupo.ru
DOMAIN-SUFFIX,login.p1.worldoftanks.net
DOMAIN-SUFFIX,login.p2.worldoftanks.net
DOMAIN-SUFFIX,login.p3.worldoftanks.net
DOMAIN-SUFFIX,login.p4.worldoftanks.net
DOMAIN-SUFFIX,login.p5.worldoftanks.net
DOMAIN-SUFFIX,login.p6.worldoftanks.net
DOMAIN-SUFFIX,login.p7.worldoftanks.net
DOMAIN-SUFFIX,login.p8.worldoftanks.net
DOMAIN-SUFFIX,login.p9.worldoftanks.net
DOMAIN-SUFFIX,login0.tanksblitz.ru
DOMAIN-SUFFIX,login1.tanksblitz.ru
DOMAIN-SUFFIX,login2.tanksblitz.ru
DOMAIN-SUFFIX,login3.tanksblitz.ru
DOMAIN-SUFFIX,login4.tanksblitz.ru
DOMAIN-SUFFIX,lolz.guru
DOMAIN-SUFFIX,losst.ru
DOMAIN-SUFFIX,lostarmour.ru
DOMAIN-SUFFIX,lostfilm.info
DOMAIN-SUFFIX,lostmagic.ru
DOMAIN-SUFFIX,lutik.tv
DOMAIN-SUFFIX,magzdb.org
DOMAIN-SUFFIX,mail.ru
DOMAIN-SUFFIX,mailrugames.com
DOMAIN-SUFFIX,mamba.ru
DOMAIN-SUFFIX,manaeff.ru
DOMAIN-SUFFIX,mangadex.org
DOMAIN-SUFFIX,manjaro.ru
DOMAIN-SUFFIX,markupeasy.ru
DOMAIN-SUFFIX,marshruty.ru
DOMAIN-SUFFIX,mastergrad.com
DOMAIN-SUFFIX,mchost.ru
DOMAIN-SUFFIX,media.gpmradio.ru
DOMAIN-SUFFIX,megafon.ru
DOMAIN-SUFFIX,megatimer.ru
DOMAIN-SUFFIX,melord.net
DOMAIN-SUFFIX,memealerts.com
DOMAIN-SUFFIX,mephi.ru
DOMAIN-SUFFIX,merionet.ru
DOMAIN-SUFFIX,metanit.com
DOMAIN-SUFFIX,meteotrend.com
DOMAIN-SUFFIX,mhdd.ru
DOMAIN-SUFFIX,micro-solution.ru
DOMAIN-SUFFIX,micrus.ru
DOMAIN-SUFFIX,mikrotik.wiki
DOMAIN-SUFFIX,mil.ru
DOMAIN-SUFFIX,mipt.ru
DOMAIN-SUFFIX,mir24.tv
DOMAIN-SUFFIX,miralinks.ru
DOMAIN-SUFFIX,miranda-ng.org
DOMAIN-SUFFIX,mirkosmosa.ru
DOMAIN-SUFFIX,mirplus.info
DOMAIN-SUFFIX,mirtesen.ru
DOMAIN-SUFFIX,mk.ru
DOMAIN-SUFFIX,mmnt.ru
DOMAIN-SUFFIX,mobstudio.ru
DOMAIN-SUFFIX,monitor.net.ru
DOMAIN-SUFFIX,monitorlab.ru
DOMAIN-SUFFIX,monteon.ru
DOMAIN-SUFFIX,moonback.ru
DOMAIN-SUFFIX,moyaposylka.ru
DOMAIN-SUFFIX,msdk.freshchat.com
DOMAIN-SUFFIX,msg13.core.tf
DOMAIN-SUFFIX,msreview.net
DOMAIN-SUFFIX,mts.ru
DOMAIN-SUFFIX,mupo.ru
DOMAIN-SUFFIX,musicwars.ru
DOMAIN-SUFFIX,my.com
DOMAIN-SUFFIX,my.games
DOMAIN-SUFFIX,myarena.ru
DOMAIN-SUFFIX,myarena.site
DOMAIN-SUFFIX,mybook.ru
DOMAIN-SUFFIX,myfanfic.ru
DOMAIN-SUFFIX,myshows.me
DOMAIN-SUFFIX,mysku.club
DOMAIN-SUFFIX,mysku.ru
DOMAIN-SUFFIX,myvi.tv
DOMAIN-SUFFIX,n.tracktor.site
DOMAIN-SUFFIX,nag.ru
DOMAIN-SUFFIX,nag.wiki
DOMAIN-SUFFIX,narfu.ru
DOMAIN-SUFFIX,narodmon.ru
DOMAIN-SUFFIX,nashe.ru
DOMAIN-SUFFIX,neosvc.ru
DOMAIN-SUFFIX,netology.ru
DOMAIN-SUFFIX,new-team.org
DOMAIN-SUFFIX,news-front.info
DOMAIN-SUFFIX,newxboxone.ru
DOMAIN-SUFFIX,ngs.ru
DOMAIN-SUFFIX,nihon-go.ru
DOMAIN-SUFFIX,nix.ru
DOMAIN-SUFFIX,nm-g.ru
DOMAIN-SUFFIX,nnmclub.to
DOMAIN-SUFFIX,npoiskra.ru
DOMAIN-SUFFIX,nsc.ru
DOMAIN-SUFFIX,nstatic.ru
DOMAIN-SUFFIX,ntv.ru
DOMAIN-SUFFIX,ntvplus.ru
DOMAIN-SUFFIX,nuipogoda.ru
DOMAIN-SUFFIX,nuum.ru
DOMAIN-SUFFIX,obu4alka.ru
DOMAIN-SUFFIX,og-ti.ru
DOMAIN-SUFFIX,okdk.ru
DOMAIN-SUFFIX,old-combats.com
DOMAIN-SUFFIX,old-games.ru
DOMAIN-SUFFIX,oldbk2.com
DOMAIN-SUFFIX,onespot.one
DOMAIN-SUFFIX,onetrust.com
DOMAIN-SUFFIX,online-cloud.moscow
DOMAIN-SUFFIX,onlinezakladki.ru
DOMAIN-SUFFIX,ontvtime.ru
DOMAIN-SUFFIX,opencart-russia.ru
DOMAIN-SUFFIX,opennet.ru
DOMAIN-SUFFIX,opentrackers.org
DOMAIN-SUFFIX,orderingmemory.com
DOMAIN-SUFFIX,osnova.io
DOMAIN-SUFFIX,osu.ru
DOMAIN-SUFFIX,otchet-online.ru
DOMAIN-SUFFIX,ott-play.com
DOMAIN-SUFFIX,outsidethebox.ms
DOMAIN-SUFFIX,overclockers.ru
DOMAIN-SUFFIX,oxy.cloud
DOMAIN-SUFFIX,oxy.st
DOMAIN-SUFFIX,ozon.ru
DOMAIN-SUFFIX,p-on.ru
DOMAIN-SUFFIX,pascalabc.net
DOMAIN-SUFFIX,pathofexile.com
DOMAIN-SUFFIX,patriarchia.ru
DOMAIN-SUFFIX,paymaster.ru
DOMAIN-SUFFIX,pchela.media
DOMAIN-SUFFIX,pcprogs.net
DOMAIN-SUFFIX,pct.amocrm.ru
DOMAIN-SUFFIX,peertube.su
DOMAIN-SUFFIX,performer.emg.fm
DOMAIN-SUFFIX,perviynomer.ru
DOMAIN-SUFFIX,php.ru
DOMAIN-SUFFIX,phpbbguru.net
DOMAIN-SUFFIX,pikabu.ru
DOMAIN-SUFFIX,pikuco.ru
DOMAIN-SUFFIX,pingvinus.ru
DOMAIN-SUFFIX,pksspb.ru
DOMAIN-SUFFIX,planetaexcel.ru
DOMAIN-SUFFIX,playground.ru
DOMAIN-SUFFIX,playme8.ru
DOMAIN-SUFFIX,pluggedin.ru
DOMAIN-SUFFIX,podolyaka.su
DOMAIN-SUFFIX,poig.ru
DOMAIN-SUFFIX,pooshock.ru
DOMAIN-SUFFIX,pornreactor.cc
DOMAIN-SUFFIX,poweruser.guru
DOMAIN-SUFFIX,pozdravik.ru
DOMAIN-SUFFIX,poznet.ru
DOMAIN-SUFFIX,pravdabeslana.ru
DOMAIN-SUFFIX,pravenc.ru
DOMAIN-SUFFIX,premier.one
DOMAIN-SUFFIX,pressa.ru
DOMAIN-SUFFIX,prikolnik.com
DOMAIN-SUFFIX,proglib.io
DOMAIN-SUFFIX,prolaz.su
DOMAIN-SUFFIX,promodj.com
DOMAIN-SUFFIX,psxplanet.ru
DOMAIN-SUFFIX,ptspb.ru
DOMAIN-SUFFIX,pyatilistnik.org
DOMAIN-SUFFIX,pydocs.ru
DOMAIN-SUFFIX,qiwi.com
DOMAIN-SUFFIX,qrz.ru
DOMAIN-SUFFIX,radcap.ru
DOMAIN-SUFFIX,radio.ru
DOMAIN-SUFFIX,radiokot.ru
DOMAIN-SUFFIX,radiopotok.ru
DOMAIN-SUFFIX,radiorecord.magonet.ru
DOMAIN-SUFFIX,radiorecord.ru
DOMAIN-SUFFIX,radioscanner.net
DOMAIN-SUFFIX,radioscanner.ru
DOMAIN-SUFFIX,rambler.ru
DOMAIN-SUFFIX,rbc.ru
DOMAIN-SUFFIX,rcl-radio.ru
DOMAIN-SUFFIX,reg.ru
DOMAIN-SUFFIX,remont-aud.net
DOMAIN-SUFFIX,remontcompa.ru
DOMAIN-SUFFIX,remontflash.ru
DOMAIN-SUFFIX,remontka.pro
DOMAIN-SUFFIX,remplanner.ru
DOMAIN-SUFFIX,repack.me
DOMAIN-SUFFIX,rezka.ag
DOMAIN-SUFFIX,rf-cheats.ru
DOMAIN-SUFFIX,rfn.ru
DOMAIN-SUFFIX,ria.ru
DOMAIN-SUFFIX,rian.com.ua
DOMAIN-SUFFIX,rian.ru
DOMAIN-SUFFIX,rinoptica.ru
DOMAIN-SUFFIX,riperam.org
DOMAIN-SUFFIX,rncb.ru
DOMAIN-SUFFIX,rock-n-roll.ru
DOMAIN-SUFFIX,rolz.org
DOMAIN-SUFFIX,rosebook.ru
DOMAIN-SUFFIX,rp-universe.ru
DOMAIN-SUFFIX,rp5.ru
DOMAIN-SUFFIX,rsload.net
DOMAIN-SUFFIX,rsload.ru
DOMAIN-SUFFIX,rsload.website
DOMAIN-SUFFIX,rt.com
DOMAIN-SUFFIX,rtcomm.ru
DOMAIN-SUFFIX,rtfm.wiki
DOMAIN-SUFFIX,ru.com
DOMAIN-SUFFIX,ru.ldplayer.net
DOMAIN-SUFFIX,ru.meteotrend.com
DOMAIN-SUFFIX,rucomics.info
DOMAIN-SUFFIX,rus-linux.net
DOMAIN-SUFFIX,rusf.ru
DOMAIN-SUFFIX,rust-lang.ru
DOMAIN-SUFFIX,rusvesna.su
DOMAIN-SUFFIX,rutab.net
DOMAIN-SUFFIX,rutor.info
DOMAIN-SUFFIX,rutracker.org
DOMAIN-SUFFIX,rutrk.org
DOMAIN-SUFFIX,rutube.ru
DOMAIN-SUFFIX,rutubelist.ru
DOMAIN-SUFFIX,ruvoip.net
DOMAIN-SUFFIX,ruweb.net
DOMAIN-SUFFIX,rv77.pw
DOMAIN-SUFFIX,rzd.ru
DOMAIN-SUFFIX,sadmin.io
DOMAIN-SUFFIX,samlab.ws
DOMAIN-SUFFIX,sampo.ru
DOMAIN-SUFFIX,sape.ru
DOMAIN-SUFFIX,sberbank.ru
DOMAIN-SUFFIX,sc2tv.ru
DOMAIN-SUFFIX,scanmatik.ru
DOMAIN-SUFFIX,seasonvar.ru
DOMAIN-SUFFIX,secretra.com
DOMAIN-SUFFIX,segodnya.tv
DOMAIN-SUFFIX,selectel.org
DOMAIN-SUFFIX,sendfile.su
DOMAIN-SUFFIX,sendsay.ru
DOMAIN-SUFFIX,sentry-cdn.com
DOMAIN-SUFFIX,sergeistrelec.ru
DOMAIN-SUFFIX,serveradmin.ru
DOMAIN-SUFFIX,shareman.tv
DOMAIN-SUFFIX,showgogo.ru
DOMAIN-SUFFIX,showip.net
DOMAIN-SUFFIX,sibnet.ru
DOMAIN-SUFFIX,simsync.io
DOMAIN-SUFFIX,sipnet.ru
DOMAIN-SUFFIX,skladchik.com
DOMAIN-SUFFIX,skladchik.org
DOMAIN-SUFFIX,skyeng.ru
DOMAIN-SUFFIX,sledcom.ru
DOMAIN-SUFFIX,slimboxtv.ru
DOMAIN-SUFFIX,slo.ru
DOMAIN-SUFFIX,slurm.io
DOMAIN-SUFFIX,smotrim.ru
DOMAIN-SUFFIX,smtu.ru
DOMAIN-SUFFIX,soap4youand.me
DOMAIN-SUFFIX,soft-navigator.ru
DOMAIN-SUFFIX,sources.ru
DOMAIN-SUFFIX,spb.ru
DOMAIN-SUFFIX,spbstu.ru
DOMAIN-SUFFIX,speedfans.ru
DOMAIN-SUFFIX,spletnik.ru
DOMAIN-SUFFIX,sputnikimages.com
DOMAIN-SUFFIX,sputniknews.com
DOMAIN-SUFFIX,starkgames.app
DOMAIN-SUFFIX,starline-online.ru
DOMAIN-SUFFIX,starline.ru
DOMAIN-SUFFIX,start.ru
DOMAIN-SUFFIX,startallback.com
DOMAIN-SUFFIX,static.viqeo.tv
DOMAIN-SUFFIX,static.vl.ru
DOMAIN-SUFFIX,stitch.su
DOMAIN-SUFFIX,strava.com
DOMAIN-SUFFIX,support.my.games
DOMAIN-SUFFIX,svetovik.info
DOMAIN-SUFFIX,swiftbook.ru
DOMAIN-SUFFIX,synapse-pe.fun
DOMAIN-SUFFIX,synapse-pe.ru
DOMAIN-SUFFIX,synthema.ru
DOMAIN-SUFFIX,sysadmins.ru
DOMAIN-SUFFIX,tabor.ru
DOMAIN-SUFFIX,tadiphone.dev
DOMAIN-SUFFIX,tanki.su
DOMAIN-SUFFIX,tanksblitz.ru
DOMAIN-SUFFIX,tarakanov.net
DOMAIN-SUFFIX,tass.ru
DOMAIN-SUFFIX,tcpu.ru
DOMAIN-SUFFIX,team-host.ru
DOMAIN-SUFFIX,techberg.ru
DOMAIN-SUFFIX,tehnichka.pro
DOMAIN-SUFFIX,teletarget.ru
DOMAIN-SUFFIX,televid-sib.ru
DOMAIN-SUFFIX,textologia.ru
DOMAIN-SUFFIX,teyes.cn
DOMAIN-SUFFIX,teyes.ru
DOMAIN-SUFFIX,thg.ru
DOMAIN-SUFFIX,tidal.com
DOMAIN-SUFFIX,tiflo.info
DOMAIN-SUFFIX,tinkoff.ru
DOMAIN-SUFFIX,tjournal.ru
DOMAIN-SUFFIX,tnt-online.ru
DOMAIN-SUFFIX,topasnew24.com
DOMAIN-SUFFIX,topface.com
DOMAIN-SUFFIX,topvisor.com
DOMAIN-SUFFIX,tortuga.club
DOMAIN-SUFFIX,tpu.ru
DOMAIN-SUFFIX,tracktor.site
DOMAIN-SUFFIX,trakrd.ru
DOMAIN-SUFFIX,trashbox.ru
DOMAIN-SUFFIX,treeone.ru
DOMAIN-SUFFIX,tribuna.com
DOMAIN-SUFFIX,trovo.live
DOMAIN-SUFFIX,trovocdn.net
DOMAIN-SUFFIX,tunecom.ru
DOMAIN-SUFFIX,tuyahome.online
DOMAIN-SUFFIX,tvzvezda.ru
DOMAIN-SUFFIX,tyuiu.ru
DOMAIN-SUFFIX,u2.9111s.ru
DOMAIN-SUFFIX,ucoz.ru
DOMAIN-SUFFIX,ugoos.twicker.ru
DOMAIN-SUFFIX,ukrgarant.com
DOMAIN-SUFFIX,ukrtvr.org
DOMAIN-SUFFIX,ulstu.ru
DOMAIN-SUFFIX,uraltm08.ru
DOMAIN-SUFFIX,urtaev.com
DOMAIN-SUFFIX,usbdev.ru
DOMAIN-SUFFIX,usbtor.ru
DOMAIN-SUFFIX,userapi.com
DOMAIN-SUFFIX,utmn.ru
DOMAIN-SUFFIX,utro.ru
DOMAIN-SUFFIX,v3.skladchik.org
DOMAIN-SUFFIX,vasilevkirill.ru
DOMAIN-SUFFIX,vc.ru
DOMAIN-SUFFIX,veesp.com
DOMAIN-SUFFIX,vegalab.ru
DOMAIN-SUFFIX,veseloeradio.ru
DOMAIN-SUFFIX,vesti.ru
DOMAIN-SUFFIX,viplime.fun
DOMAIN-SUFFIX,viqeo.tv
DOMAIN-SUFFIX,virtustec.ru
DOMAIN-SUFFIX,visionbot.ru
DOMAIN-SUFFIX,visions.ru
DOMAIN-SUFFIX,vk-apps.com
DOMAIN-SUFFIX,vk.com
DOMAIN-SUFFIX,vk.ru
DOMAIN-SUFFIX,vkforms.ru
DOMAIN-SUFFIX,vkontakte.ru
DOMAIN-SUFFIX,vkopt.net
DOMAIN-SUFFIX,vkplay.live
DOMAIN-SUFFIX,vkvideo.ru
DOMAIN-SUFFIX,vl.ru
DOMAIN-SUFFIX,vladimirmalikov.com
DOMAIN-SUFFIX,vniioeng.ru
DOMAIN-SUFFIX,voenmeh.ru
DOMAIN-SUFFIX,voice-server.ru
DOMAIN-SUFFIX,voidboost.cc
DOMAIN-SUFFIX,voidboost.in
DOMAIN-SUFFIX,vokino.pro
DOMAIN-SUFFIX,vokrug.tv
DOMAIN-SUFFIX,vz.ru
DOMAIN-SUFFIX,walletone.com
DOMAIN-SUFFIX,warezok.net
DOMAIN-SUFFIX,wargm.ru
DOMAIN-SUFFIX,wasd.tv
DOMAIN-SUFFIX,wdho.ru
DOMAIN-SUFFIX,webhamster.ru
DOMAIN-SUFFIX,webmoney.com
DOMAIN-SUFFIX,webmoney.com.ua
DOMAIN-SUFFIX,webmoney.ru
DOMAIN-SUFFIX,webos-forums.ru
DOMAIN-SUFFIX,whitesaas.com
DOMAIN-SUFFIX,wiki93.ru
DOMAIN-SUFFIX,wikimapia.org
DOMAIN-SUFFIX,wildberries.ru
DOMAIN-SUFFIX,win-torrent.net
DOMAIN-SUFFIX,win10tweaker.ru
DOMAIN-SUFFIX,winitpro.ru
DOMAIN-SUFFIX,wod.su
DOMAIN-SUFFIX,wooordhunt.ru
DOMAIN-SUFFIX,world-evolved.ru
DOMAIN-SUFFIX,worldcrisis.ru
DOMAIN-SUFFIX,wotspeak.ru
DOMAIN-SUFFIX,wtftime.ru
DOMAIN-SUFFIX,xchess.ru
DOMAIN-SUFFIX,xn--c1acbl2abdlkab1og.xn--p1ai
DOMAIN-SUFFIX,ya.com
DOMAIN-SUFFIX,ya.ru
DOMAIN-SUFFIX,yadi.sk
DOMAIN-SUFFIX,yadro.ru
DOMAIN-SUFFIX,yandex.com
DOMAIN-SUFFIX,yandex.net
DOMAIN-SUFFIX,yandex.ru
DOMAIN-SUFFIX,yandexcloud.net
DOMAIN-SUFFIX,yoomoney.ru
DOMAIN-SUFFIX,yourok.ru
DOMAIN-SUFFIX,ytro.news
DOMAIN-SUFFIX,z-oleg.com
DOMAIN-SUFFIX,zaycev.net
DOMAIN-SUFFIX,zenmoney.ru
DOMAIN-SUFFIX,zenon.net
DOMAIN-SUFFIX,zilore.com
DOMAIN-SUFFIX,zinenkos.site
DOMAIN-SUFFIX,zoneofgames.ru
DOMAIN-SUFFIX,zozo.gg
