/ip dns static add name=101.ru type=FWD address-list=allow-domains match-subdomain=yes forward-to=localhost
/ip dns static add name=16-bits.ru type=FWD address-list=allow-domains match-subdomain=yes forward-to=localhost
/ip dns static add name=1internet.tv type=FWD address-list=allow-domains match-subdomain=yes forward-to=localhost
/ip dns static add name=1prime.ru type=FWD address-list=allow-domains match-subdomain=yes forward-to=localhost
/ip dns static add name=1rsload.ru type=FWD address-list=allow-domains match-subdomain=yes forward-to=localhost
/ip dns static add name=1tv.ru type=FWD address-list=allow-domains match-subdomain=yes forward-to=localhost
/ip dns static add name=288sb.com type=FWD address-list=allow-domains match-subdomain=yes forward-to=localhost
/ip dns static add name=2gis.ua type=FWD address-list=allow-domains match-subdomain=yes forward-to=localhost
/ip dns static add name=2kita.com type=FWD address-list=allow-domains match-subdomain=yes forward-to=localhost
/ip dns static add name=2whois.ru type=FWD address-list=allow-domains match-subdomain=yes forward-to=localhost
/ip dns static add name=3dn.ru type=FWD address-list=allow-domains match-subdomain=yes forward-to=localhost
/ip dns static add name=3dnews.ru type=FWD address-list=allow-domains match-subdomain=yes forward-to=localhost
/ip dns static add name=3dtoday.ru type=FWD address-list=allow-domains match-subdomain=yes forward-to=localhost
/ip dns static add name=4brain.ru type=FWD address-list=allow-domains match-subdomain=yes forward-to=localhost
/ip dns static add name=4pda.to type=FWD address-list=allow-domains match-subdomain=yes forward-to=localhost
/ip dns static add name=7themes.su type=FWD address-list=allow-domains match-subdomain=yes forward-to=localhost
/ip dns static add name=9111s.ru type=FWD address-list=allow-domains match-subdomain=yes forward-to=localhost
/ip dns static add name=9649.ru type=FWD address-list=allow-domains match-subdomain=yes forward-to=localhost
/ip dns static add name=adacoins.ru type=FWD address-list=allow-domains match-subdomain=yes forward-to=localhost
/ip dns static add name=adhigh.net type=FWD address-list=allow-domains match-subdomain=yes forward-to=localhost
/ip dns static add name=adwolf.ru type=FWD address-list=allow-domains match-subdomain=yes forward-to=localhost
/ip dns static add name=ag.ru type=FWD address-list=allow-domains match-subdomain=yes forward-to=localhost
/ip dns static add name=agava.net.ru type=FWD address-list=allow-domains match-subdomain=yes forward-to=localhost
/ip dns static add name=aif.ru type=FWD address-list=allow-domains match-subdomain=yes forward-to=localhost
/ip dns static add name=aladdin-rd.ru type=FWD address-list=allow-domains match-subdomain=yes forward-to=localhost
/ip dns static add name=alfabank.ru type=FWD address-list=allow-domains match-subdomain=yes forward-to=localhost
/ip dns static add name=aliexpress.ru type=FWD address-list=allow-domains match-subdomain=yes forward-to=localhost
/ip dns static add name=all-poster.ru type=FWD address-list=allow-domains match-subdomain=yes forward-to=localhost
/ip dns static add name=amalgama-lab.com type=FWD address-list=allow-domains match-subdomain=yes forward-to=localhost
/ip dns static add name=amediateka.ru type=FWD address-list=allow-domains match-subdomain=yes forward-to=localhost
/ip dns static add name=amlgames.com type=FWD address-list=allow-domains match-subdomain=yes forward-to=localhost
/ip dns static add name=aniqit.com type=FWD address-list=allow-domains match-subdomain=yes forward-to=localhost
/ip dns static add name=anomaly-zone.net type=FWD address-list=allow-domains match-subdomain=yes forward-to=localhost
/ip dns static add name=anomaly-zone.ru type=FWD address-list=allow-domains match-subdomain=yes forward-to=localhost
/ip dns static add name=antispamsniper.com type=FWD address-list=allow-domains match-subdomain=yes forward-to=localhost
/ip dns static add name=antistarforce.com type=FWD address-list=allow-domains match-subdomain=yes forward-to=localhost
/ip dns static add name=api-prod-europaplus.apptimizm.pro type=FWD address-list=allow-domains match-subdomain=yes forward-to=localhost
/ip dns static add name=api.viqeo.tv type=FWD address-list=allow-domains match-subdomain=yes forward-to=localhost
/ip dns static add name=apptractor.ru type=FWD address-list=allow-domains match-subdomain=yes forward-to=localhost
/ip dns static add name=arbitr.ru type=FWD address-list=allow-domains match-subdomain=yes forward-to=localhost
/ip dns static add name=arcanecoast.ru type=FWD address-list=allow-domains match-subdomain=yes forward-to=localhost
/ip dns static add name=artmoney.ru type=FWD address-list=allow-domains match-subdomain=yes forward-to=localhost
/ip dns static add name=artpeople.ru type=FWD address-list=allow-domains match-subdomain=yes forward-to=localhost
/ip dns static add name=ascnb1.ru type=FWD address-list=allow-domains match-subdomain=yes forward-to=localhost
/ip dns static add name=asp24.ru type=FWD address-list=allow-domains match-subdomain=yes forward-to=localhost
/ip dns static add name=atraining.ru type=FWD address-list=allow-domains match-subdomain=yes forward-to=localhost
/ip dns static add name=autobook.one type=FWD address-list=allow-domains match-subdomain=yes forward-to=localhost
/ip dns static add name=autosport.com.ru type=FWD address-list=allow-domains match-subdomain=yes forward-to=localhost
/ip dns static add name=av3715.ru type=FWD address-list=allow-domains match-subdomain=yes forward-to=localhost
/ip dns static add name=avcdn.net type=FWD address-list=allow-domains match-subdomain=yes forward-to=localhost
/ip dns static add name=awru.my.games type=FWD address-list=allow-domains match-subdomain=yes forward-to=localhost
/ip dns static add name=bafista.ru type=FWD address-list=allow-domains match-subdomain=yes forward-to=localhost
/ip dns static add name=bdocodex.com type=FWD address-list=allow-domains match-subdomain=yes forward-to=localhost
/ip dns static add name=bedshard.lol type=FWD address-list=allow-domains match-subdomain=yes forward-to=localhost
/ip dns static add name=beeline.ru type=FWD address-list=allow-domains match-subdomain=yes forward-to=localhost
/ip dns static add name=beget.com type=FWD address-list=allow-domains match-subdomain=yes forward-to=localhost
/ip dns static add name=bet365.com type=FWD address-list=allow-domains match-subdomain=yes forward-to=localhost
/ip dns static add name=bethesda.net type=FWD address-list=allow-domains match-subdomain=yes forward-to=localhost
/ip dns static add name=bigsv.ru type=FWD address-list=allow-domains match-subdomain=yes forward-to=localhost
/ip dns static add name=bin.entware.net type=FWD address-list=allow-domains match-subdomain=yes forward-to=localhost
/ip dns static add name=bitasproductions.ru type=FWD address-list=allow-domains match-subdomain=yes forward-to=localhost
/ip dns static add name=bizon365.ru type=FWD address-list=allow-domains match-subdomain=yes forward-to=localhost
/ip dns static add name=blast.hk type=FWD address-list=allow-domains match-subdomain=yes forward-to=localhost
/ip dns static add name=bloknot.ru type=FWD address-list=allow-domains match-subdomain=yes forward-to=localhost
/ip dns static add name=blynk.tk type=FWD address-list=allow-domains match-subdomain=yes forward-to=localhost
/ip dns static add name=boosty.to type=FWD address-list=allow-domains match-subdomain=yes forward-to=localhost
/ip dns static add name=burda.ru type=FWD address-list=allow-domains match-subdomain=yes forward-to=localhost
/ip dns static add name=cackle.me type=FWD address-list=allow-domains match-subdomain=yes forward-to=localhost
/ip dns static add name=calend.ru type=FWD address-list=allow-domains match-subdomain=yes forward-to=localhost
/ip dns static add name=cdn.ag.ru type=FWD address-list=allow-domains match-subdomain=yes forward-to=localhost
/ip dns static add name=cdn.tf type=FWD address-list=allow-domains match-subdomain=yes forward-to=localhost
/ip dns static add name=cdnbunny.org type=FWD address-list=allow-domains match-subdomain=yes forward-to=localhost
/ip dns static add name=cdnland.in type=FWD address-list=allow-domains match-subdomain=yes forward-to=localhost
/ip dns static add name=cdnvideo.ru type=FWD address-list=allow-domains match-subdomain=yes forward-to=localhost
/ip dns static add name=chat.ru type=FWD address-list=allow-domains match-subdomain=yes forward-to=localhost
/ip dns static add name=chbrr.crimea.com type=FWD address-list=allow-domains match-subdomain=yes forward-to=localhost
/ip dns static add name=chernayamagiya.com type=FWD address-list=allow-domains match-subdomain=yes forward-to=localhost
/ip dns static add name=chipmaker.ru type=FWD address-list=allow-domains match-subdomain=yes forward-to=localhost
/ip dns static add name=chronos.vl.ru type=FWD address-list=allow-domains match-subdomain=yes forward-to=localhost
/ip dns static add name=chto-eto-takoe.ru type=FWD address-list=allow-domains match-subdomain=yes forward-to=localhost
/ip dns static add name=ciliz.com type=FWD address-list=allow-domains match-subdomain=yes forward-to=localhost
/ip dns static add name=citilink.ru type=FWD address-list=allow-domains match-subdomain=yes forward-to=localhost
/ip dns static add name=click.ru type=FWD address-list=allow-domains match-subdomain=yes forward-to=localhost
/ip dns static add name=cloud.pocketbook.digital type=FWD address-list=allow-domains match-subdomain=yes forward-to=localhost
/ip dns static add name=club443.ru type=FWD address-list=allow-domains match-subdomain=yes forward-to=localhost
/ip dns static add name=cnews.ru type=FWD address-list=allow-domains match-subdomain=yes forward-to=localhost
/ip dns static add name=code.mu type=FWD address-list=allow-domains match-subdomain=yes forward-to=localhost
/ip dns static add name=codenet.ru type=FWD address-list=allow-domains match-subdomain=yes forward-to=localhost
/ip dns static add name=college.ru type=FWD address-list=allow-domains match-subdomain=yes forward-to=localhost
/ip dns static add name=com.ru type=FWD address-list=allow-domains match-subdomain=yes forward-to=localhost
/ip dns static add name=combot.org type=FWD address-list=allow-domains match-subdomain=yes forward-to=localhost
/ip dns static add name=consoleclub.fun type=FWD address-list=allow-domains match-subdomain=yes forward-to=localhost
/ip dns static add name=cont.ws type=FWD address-list=allow-domains match-subdomain=yes forward-to=localhost
/ip dns static add name=conversmod.ru type=FWD address-list=allow-domains match-subdomain=yes forward-to=localhost
/ip dns static add name=core.tf type=FWD address-list=allow-domains match-subdomain=yes forward-to=localhost
/ip dns static add name=coub.com type=FWD address-list=allow-domains match-subdomain=yes forward-to=localhost
/ip dns static add name=cqham.ru type=FWD address-list=allow-domains match-subdomain=yes forward-to=localhost
/ip dns static add name=creagames.com type=FWD address-list=allow-domains match-subdomain=yes forward-to=localhost
/ip dns static add name=crimea.com type=FWD address-list=allow-domains match-subdomain=yes forward-to=localhost
/ip dns static add name=css-ms.ru type=FWD address-list=allow-domains match-subdomain=yes forward-to=localhost
/ip dns static add name=cwer.ru type=FWD address-list=allow-domains match-subdomain=yes forward-to=localhost
/ip dns static add name=cwer.su type=FWD address-list=allow-domains match-subdomain=yes forward-to=localhost
/ip dns static add name=cwer.sucwer.ws type=FWD address-list=allow-domains match-subdomain=yes forward-to=localhost
/ip dns static add name=cwer.ws type=FWD address-list=allow-domains match-subdomain=yes forward-to=localhost
/ip dns static add name=cyberforum.ru type=FWD address-list=allow-domains match-subdomain=yes forward-to=localhost
/ip dns static add name=d-cd.net type=FWD address-list=allow-domains match-subdomain=yes forward-to=localhost
/ip dns static add name=d3-28.ru type=FWD address-list=allow-domains match-subdomain=yes forward-to=localhost
/ip dns static add name=d4reflection.org type=FWD address-list=allow-domains match-subdomain=yes forward-to=localhost
/ip dns static add name=darkside.ru type=FWD address-list=allow-domains match-subdomain=yes forward-to=localhost
/ip dns static add name=data.nag.ru type=FWD address-list=allow-domains match-subdomain=yes forward-to=localhost
/ip dns static add name=data.nag.wiki type=FWD address-list=allow-domains match-subdomain=yes forward-to=localhost
/ip dns static add name=datadome.co type=FWD address-list=allow-domains match-subdomain=yes forward-to=localhost
/ip dns static add name=datalock.ru type=FWD address-list=allow-domains match-subdomain=yes forward-to=localhost
/ip dns static add name=ddos-guard.net type=FWD address-list=allow-domains match-subdomain=yes forward-to=localhost
/ip dns static add name=depirf.ru type=FWD address-list=allow-domains match-subdomain=yes forward-to=localhost
/ip dns static add name=des-life.ru type=FWD address-list=allow-domains match-subdomain=yes forward-to=localhost
/ip dns static add name=deviantart.net type=FWD address-list=allow-domains match-subdomain=yes forward-to=localhost
/ip dns static add name=diakov.net type=FWD address-list=allow-domains match-subdomain=yes forward-to=localhost
/ip dns static add name=dimonvideo.ru type=FWD address-list=allow-domains match-subdomain=yes forward-to=localhost
/ip dns static add name=dklab.ru type=FWD address-list=allow-domains match-subdomain=yes forward-to=localhost
/ip dns static add name=dlink.ru type=FWD address-list=allow-domains match-subdomain=yes forward-to=localhost
/ip dns static add name=dmde.ru type=FWD address-list=allow-domains match-subdomain=yes forward-to=localhost
/ip dns static add name=dmkos.ru type=FWD address-list=allow-domains match-subdomain=yes forward-to=localhost
/ip dns static add name=dnd.su type=FWD address-list=allow-domains match-subdomain=yes forward-to=localhost
/ip dns static add name=dns-shop.ru type=FWD address-list=allow-domains match-subdomain=yes forward-to=localhost
/ip dns static add name=docs-python.ru type=FWD address-list=allow-domains match-subdomain=yes forward-to=localhost
/ip dns static add name=donationalerts.com type=FWD address-list=allow-domains match-subdomain=yes forward-to=localhost
/ip dns static add name=dos.zone type=FWD address-list=allow-domains match-subdomain=yes forward-to=localhost
/ip dns static add name=drive2.ru type=FWD address-list=allow-domains match-subdomain=yes forward-to=localhost
/ip dns static add name=driver.ru type=FWD address-list=allow-domains match-subdomain=yes forward-to=localhost
/ip dns static add name=droider.ru type=FWD address-list=allow-domains match-subdomain=yes forward-to=localhost
/ip dns static add name=dropmefiles.com type=FWD address-list=allow-domains match-subdomain=yes forward-to=localhost
/ip dns static add name=drweb.com type=FWD address-list=allow-domains match-subdomain=yes forward-to=localhost
/ip dns static add name=drweb.ru type=FWD address-list=allow-domains match-subdomain=yes forward-to=localhost
/ip dns static add name=dtf.ru type=FWD address-list=allow-domains match-subdomain=yes forward-to=localhost
/ip dns static add name=dumps.tadiphone.dev type=FWD address-list=allow-domains match-subdomain=yes forward-to=localhost
/ip dns static add name=dvhab.ru type=FWD address-list=allow-domains match-subdomain=yes forward-to=localhost
/ip dns static add name=dzen.ru type=FWD address-list=allow-domains match-subdomain=yes forward-to=localhost
/ip dns static add name=e-06.adwolf.ru type=FWD address-list=allow-domains match-subdomain=yes forward-to=localhost
/ip dns static add name=e-hentai.org type=FWD address-list=allow-domains match-subdomain=yes forward-to=localhost
/ip dns static add name=e1.ru type=FWD address-list=allow-domains match-subdomain=yes forward-to=localhost
/ip dns static add name=easynod.ru type=FWD address-list=allow-domains match-subdomain=yes forward-to=localhost
/ip dns static add name=easynod.servebeer.com type=FWD address-list=allow-domains match-subdomain=yes forward-to=localhost
/ip dns static add name=eax.me type=FWD address-list=allow-domains match-subdomain=yes forward-to=localhost
/ip dns static add name=edemtv.me type=FWD address-list=allow-domains match-subdomain=yes forward-to=localhost
/ip dns static add name=elcats.ru type=FWD address-list=allow-domains match-subdomain=yes forward-to=localhost
/ip dns static add name=electrotransport.ru type=FWD address-list=allow-domains match-subdomain=yes forward-to=localhost
/ip dns static add name=elementy.ru type=FWD address-list=allow-domains match-subdomain=yes forward-to=localhost
/ip dns static add name=elibrary.ru type=FWD address-list=allow-domains match-subdomain=yes forward-to=localhost
/ip dns static add name=eljur.ru type=FWD address-list=allow-domains match-subdomain=yes forward-to=localhost
/ip dns static add name=emgsound.ru type=FWD address-list=allow-domains match-subdomain=yes forward-to=localhost
/ip dns static add name=enigma.ua type=FWD address-list=allow-domains match-subdomain=yes forward-to=localhost
/ip dns static add name=entware.net type=FWD address-list=allow-domains match-subdomain=yes forward-to=localhost
/ip dns static add name=esir.gov.spb.ru type=FWD address-list=allow-domains match-subdomain=yes forward-to=localhost
/ip dns static add name=esp8266.ru type=FWD address-list=allow-domains match-subdomain=yes forward-to=localhost
/ip dns static add name=esputnik.com type=FWD address-list=allow-domains match-subdomain=yes forward-to=localhost
/ip dns static add name=etu.ru type=FWD address-list=allow-domains match-subdomain=yes forward-to=localhost
/ip dns static add name=europaplus.ru type=FWD address-list=allow-domains match-subdomain=yes forward-to=localhost
/ip dns static add name=excelworld.ru type=FWD address-list=allow-domains match-subdomain=yes forward-to=localhost
/ip dns static add name=exesniper.com type=FWD address-list=allow-domains match-subdomain=yes forward-to=localhost
/ip dns static add name=exist.parts type=FWD address-list=allow-domains match-subdomain=yes forward-to=localhost
/ip dns static add name=f1news.ru type=FWD address-list=allow-domains match-subdomain=yes forward-to=localhost
/ip dns static add name=fanfics.me type=FWD address-list=allow-domains match-subdomain=yes forward-to=localhost
/ip dns static add name=fansubs.ru type=FWD address-list=allow-domains match-subdomain=yes forward-to=localhost
/ip dns static add name=farmanager.com type=FWD address-list=allow-domains match-subdomain=yes forward-to=localhost
/ip dns static add name=fastpic.org type=FWD address-list=allow-domains match-subdomain=yes forward-to=localhost
/ip dns static add name=fedulovschool.com type=FWD address-list=allow-domains match-subdomain=yes forward-to=localhost
/ip dns static add name=feedsmart.ru type=FWD address-list=allow-domains match-subdomain=yes forward-to=localhost
/ip dns static add name=ficbook.net type=FWD address-list=allow-domains match-subdomain=yes forward-to=localhost
/ip dns static add name=filmic.ac type=FWD address-list=allow-domains match-subdomain=yes forward-to=localhost
/ip dns static add name=filmix.ac type=FWD address-list=allow-domains match-subdomain=yes forward-to=localhost
/ip dns static add name=fixmypc.ru type=FWD address-list=allow-domains match-subdomain=yes forward-to=localhost
/ip dns static add name=flashboot.ru type=FWD address-list=allow-domains match-subdomain=yes forward-to=localhost
/ip dns static add name=flipperzero.one type=FWD address-list=allow-domains match-subdomain=yes forward-to=localhost
/ip dns static add name=fornote.net type=FWD address-list=allow-domains match-subdomain=yes forward-to=localhost
/ip dns static add name=forscan.org type=FWD address-list=allow-domains match-subdomain=yes forward-to=localhost
/ip dns static add name=forummikrotik.ru type=FWD address-list=allow-domains match-subdomain=yes forward-to=localhost
/ip dns static add name=forumupload.ru type=FWD address-list=allow-domains match-subdomain=yes forward-to=localhost
/ip dns static add name=fotopik.net type=FWD address-list=allow-domains match-subdomain=yes forward-to=localhost
/ip dns static add name=fotostrana.ru type=FWD address-list=allow-domains match-subdomain=yes forward-to=localhost
/ip dns static add name=freelance.ru type=FWD address-list=allow-domains match-subdomain=yes forward-to=localhost
/ip dns static add name=freeman42.ru type=FWD address-list=allow-domains match-subdomain=yes forward-to=localhost
/ip dns static add name=freize.net type=FWD address-list=allow-domains match-subdomain=yes forward-to=localhost
/ip dns static add name=frenglish.ru type=FWD address-list=allow-domains match-subdomain=yes forward-to=localhost
/ip dns static add name=ftpserver.biz type=FWD address-list=allow-domains match-subdomain=yes forward-to=localhost
/ip dns static add name=game-debate.com type=FWD address-list=allow-domains match-subdomain=yes forward-to=localhost
/ip dns static add name=gamearmy.ru type=FWD address-list=allow-domains match-subdomain=yes forward-to=localhost
/ip dns static add name=gameawards.ru type=FWD address-list=allow-domains match-subdomain=yes forward-to=localhost
/ip dns static add name=gamekot.top type=FWD address-list=allow-domains match-subdomain=yes forward-to=localhost
/ip dns static add name=gatoga.ru type=FWD address-list=allow-domains match-subdomain=yes forward-to=localhost
/ip dns static add name=gazeta.ru type=FWD address-list=allow-domains match-subdomain=yes forward-to=localhost
/ip dns static add name=gcdn.co type=FWD address-list=allow-domains match-subdomain=yes forward-to=localhost
/ip dns static add name=getcourse.ru type=FWD address-list=allow-domains match-subdomain=yes forward-to=localhost
/ip dns static add name=getnet.pro type=FWD address-list=allow-domains match-subdomain=yes forward-to=localhost
/ip dns static add name=gisclub.tv type=FWD address-list=allow-domains match-subdomain=yes forward-to=localhost
/ip dns static add name=gismeteo.ru type=FWD address-list=allow-domains match-subdomain=yes forward-to=localhost
/ip dns static add name=gitflic.ru type=FWD address-list=allow-domains match-subdomain=yes forward-to=localhost
/ip dns static add name=godville.net type=FWD address-list=allow-domains match-subdomain=yes forward-to=localhost
/ip dns static add name=goodgame.ru type=FWD address-list=allow-domains match-subdomain=yes forward-to=localhost
/ip dns static add name=gosuslugi.ru type=FWD address-list=allow-domains match-subdomain=yes forward-to=localhost
/ip dns static add name=gov.ru type=FWD address-list=allow-domains match-subdomain=yes forward-to=localhost
/ip dns static add name=gov.spb.ru type=FWD address-list=allow-domains match-subdomain=yes forward-to=localhost
/ip dns static add name=government.ru type=FWD address-list=allow-domains match-subdomain=yes forward-to=localhost
/ip dns static add name=gpmradio.ru type=FWD address-list=allow-domains match-subdomain=yes forward-to=localhost
/ip dns static add name=gs-corp.ru type=FWD address-list=allow-domains match-subdomain=yes forward-to=localhost
/ip dns static add name=gta.ru type=FWD address-list=allow-domains match-subdomain=yes forward-to=localhost
/ip dns static add name=gubkin.ru type=FWD address-list=allow-domains match-subdomain=yes forward-to=localhost
/ip dns static add name=gvol.ru type=FWD address-list=allow-domains match-subdomain=yes forward-to=localhost
/ip dns static add name=h-helpers.ru type=FWD address-list=allow-domains match-subdomain=yes forward-to=localhost
/ip dns static add name=habr.com type=FWD address-list=allow-domains match-subdomain=yes forward-to=localhost
/ip dns static add name=habr.ru type=FWD address-list=allow-domains match-subdomain=yes forward-to=localhost
/ip dns static add name=hamsdr.ru type=FWD address-list=allow-domains match-subdomain=yes forward-to=localhost
/ip dns static add name=hdrezka.ag type=FWD address-list=allow-domains match-subdomain=yes forward-to=localhost
/ip dns static add name=hdrezka.me type=FWD address-list=allow-domains match-subdomain=yes forward-to=localhost
/ip dns static add name=hdrezka.org type=FWD address-list=allow-domains match-subdomain=yes forward-to=localhost
/ip dns static add name=health-diet.ru type=FWD address-list=allow-domains match-subdomain=yes forward-to=localhost
/ip dns static add name=hi-fi-forum.net type=FWD address-list=allow-domains match-subdomain=yes forward-to=localhost
/ip dns static add name=hi-fidelity-forum.com type=FWD address-list=allow-domains match-subdomain=yes forward-to=localhost
/ip dns static add name=highspeednetwork.ru type=FWD address-list=allow-domains match-subdomain=yes forward-to=localhost
/ip dns static add name=hightech.plus type=FWD address-list=allow-domains match-subdomain=yes forward-to=localhost
/ip dns static add name=hlboost.ru type=FWD address-list=allow-domains match-subdomain=yes forward-to=localhost
/ip dns static add name=hls-01-regions.emgsound.ru type=FWD address-list=allow-domains match-subdomain=yes forward-to=localhost
/ip dns static add name=horrorzone.ru type=FWD address-list=allow-domains match-subdomain=yes forward-to=localhost
/ip dns static add name=hostingradio.ru type=FWD address-list=allow-domains match-subdomain=yes forward-to=localhost
/ip dns static add name=i-edem.tv type=FWD address-list=allow-domains match-subdomain=yes forward-to=localhost
/ip dns static add name=iddqd.ru type=FWD address-list=allow-domains match-subdomain=yes forward-to=localhost
/ip dns static add name=ideafix.name type=FWD address-list=allow-domains match-subdomain=yes forward-to=localhost
/ip dns static add name=ideafix.su type=FWD address-list=allow-domains match-subdomain=yes forward-to=localhost
/ip dns static add name=iedem.tv type=FWD address-list=allow-domains match-subdomain=yes forward-to=localhost
/ip dns static add name=igromania.ru type=FWD address-list=allow-domains match-subdomain=yes forward-to=localhost
/ip dns static add name=iguides.ru type=FWD address-list=allow-domains match-subdomain=yes forward-to=localhost
/ip dns static add name=ihc.ru type=FWD address-list=allow-domains match-subdomain=yes forward-to=localhost
/ip dns static add name=ihor-hosting.ru type=FWD address-list=allow-domains match-subdomain=yes forward-to=localhost
/ip dns static add name=ilook.tv type=FWD address-list=allow-domains match-subdomain=yes forward-to=localhost
/ip dns static add name=ilyabirman.ru type=FWD address-list=allow-domains match-subdomain=yes forward-to=localhost
/ip dns static add name=imageban.ru type=FWD address-list=allow-domains match-subdomain=yes forward-to=localhost
/ip dns static add name=imgzona.video type=FWD address-list=allow-domains match-subdomain=yes forward-to=localhost
/ip dns static add name=infergames.com type=FWD address-list=allow-domains match-subdomain=yes forward-to=localhost
/ip dns static add name=informing.ru type=FWD address-list=allow-domains match-subdomain=yes forward-to=localhost
/ip dns static add name=infostart.ru type=FWD address-list=allow-domains match-subdomain=yes forward-to=localhost
/ip dns static add name=inlnk.ru type=FWD address-list=allow-domains match-subdomain=yes forward-to=localhost
/ip dns static add name=inosmi.ru type=FWD address-list=allow-domains match-subdomain=yes forward-to=localhost
/ip dns static add name=insearch.site type=FWD address-list=allow-domains match-subdomain=yes forward-to=localhost
/ip dns static add name=interfax.ru type=FWD address-list=allow-domains match-subdomain=yes forward-to=localhost
/ip dns static add name=internet-lab.ru type=FWD address-list=allow-domains match-subdomain=yes forward-to=localhost
/ip dns static add name=involta.ru type=FWD address-list=allow-domains match-subdomain=yes forward-to=localhost
/ip dns static add name=iplookup.vvdev.ru type=FWD address-list=allow-domains match-subdomain=yes forward-to=localhost
/ip dns static add name=iptvin.ru type=FWD address-list=allow-domains match-subdomain=yes forward-to=localhost
/ip dns static add name=ispsystem.ru type=FWD address-list=allow-domains match-subdomain=yes forward-to=localhost
/ip dns static add name=it999.ru type=FWD address-list=allow-domains match-subdomain=yes forward-to=localhost
/ip dns static add name=itc-life.ru type=FWD address-list=allow-domains match-subdomain=yes forward-to=localhost
/ip dns static add name=ithelp21.ru type=FWD address-list=allow-domains match-subdomain=yes forward-to=localhost
/ip dns static add name=ixbt.com type=FWD address-list=allow-domains match-subdomain=yes forward-to=localhost
/ip dns static add name=ixbt.games type=FWD address-list=allow-domains match-subdomain=yes forward-to=localhost
/ip dns static add name=iz.ru type=FWD address-list=allow-domains match-subdomain=yes forward-to=localhost
/ip dns static add name=jaomix.ru type=FWD address-list=allow-domains match-subdomain=yes forward-to=localhost
/ip dns static add name=japancats.ru type=FWD address-list=allow-domains match-subdomain=yes forward-to=localhost
/ip dns static add name=jiht.ru type=FWD address-list=allow-domains match-subdomain=yes forward-to=localhost
/ip dns static add name=jino.ru type=FWD address-list=allow-domains match-subdomain=yes forward-to=localhost
/ip dns static add name=jira.ru type=FWD address-list=allow-domains match-subdomain=yes forward-to=localhost
/ip dns static add name=joyreactor.cc type=FWD address-list=allow-domains match-subdomain=yes forward-to=localhost
/ip dns static add name=k.cackle.me type=FWD address-list=allow-domains match-subdomain=yes forward-to=localhost
/ip dns static add name=k3d.tech type=FWD address-list=allow-domains match-subdomain=yes forward-to=localhost
/ip dns static add name=kaspersky.com type=FWD address-list=allow-domains match-subdomain=yes forward-to=localhost
/ip dns static add name=kaspersky.ru type=FWD address-list=allow-domains match-subdomain=yes forward-to=localhost
/ip dns static add name=kg-portal.ru type=FWD address-list=allow-domains match-subdomain=yes forward-to=localhost
/ip dns static add name=kini24.ru type=FWD address-list=allow-domains match-subdomain=yes forward-to=localhost
/ip dns static add name=kino-teatr.ru type=FWD address-list=allow-domains match-subdomain=yes forward-to=localhost
/ip dns static add name=kinoafisha.ru type=FWD address-list=allow-domains match-subdomain=yes forward-to=localhost
/ip dns static add name=kinokong.pro type=FWD address-list=allow-domains match-subdomain=yes forward-to=localhost
/ip dns static add name=kinzhal.media type=FWD address-list=allow-domains match-subdomain=yes forward-to=localhost
/ip dns static add name=kiozk.ru type=FWD address-list=allow-domains match-subdomain=yes forward-to=localhost
/ip dns static add name=kodik.biz type=FWD address-list=allow-domains match-subdomain=yes forward-to=localhost
/ip dns static add name=korabli.su type=FWD address-list=allow-domains match-subdomain=yes forward-to=localhost
/ip dns static add name=koroleffsov.ru type=FWD address-list=allow-domains match-subdomain=yes forward-to=localhost
/ip dns static add name=koronapay.com type=FWD address-list=allow-domains match-subdomain=yes forward-to=localhost
/ip dns static add name=koshara.co type=FWD address-list=allow-domains match-subdomain=yes forward-to=localhost
/ip dns static add name=kp.ru type=FWD address-list=allow-domains match-subdomain=yes forward-to=localhost
/ip dns static add name=kpfu.ru type=FWD address-list=allow-domains match-subdomain=yes forward-to=localhost
/ip dns static add name=krt-club.ru type=FWD address-list=allow-domains match-subdomain=yes forward-to=localhost
/ip dns static add name=kunch.kg type=FWD address-list=allow-domains match-subdomain=yes forward-to=localhost
/ip dns static add name=labirint.ru type=FWD address-list=allow-domains match-subdomain=yes forward-to=localhost
/ip dns static add name=laitis.ru type=FWD address-list=allow-domains match-subdomain=yes forward-to=localhost
/ip dns static add name=lambda13.online type=FWD address-list=allow-domains match-subdomain=yes forward-to=localhost
/ip dns static add name=lampa32.ru type=FWD address-list=allow-domains match-subdomain=yes forward-to=localhost
/ip dns static add name=ldplayer.net type=FWD address-list=allow-domains match-subdomain=yes forward-to=localhost
/ip dns static add name=lenovo-forums.ru type=FWD address-list=allow-domains match-subdomain=yes forward-to=localhost
/ip dns static add name=lenta.ru type=FWD address-list=allow-domains match-subdomain=yes forward-to=localhost
/ip dns static add name=leonardo.osnova.io type=FWD address-list=allow-domains match-subdomain=yes forward-to=localhost
/ip dns static add name=lesta.ru type=FWD address-list=allow-domains match-subdomain=yes forward-to=localhost
/ip dns static add name=lib.ru type=FWD address-list=allow-domains match-subdomain=yes forward-to=localhost
/ip dns static add name=lifelink.ru type=FWD address-list=allow-domains match-subdomain=yes forward-to=localhost
/ip dns static add name=liga.net type=FWD address-list=allow-domains match-subdomain=yes forward-to=localhost
/ip dns static add name=linkmeup.ru type=FWD address-list=allow-domains match-subdomain=yes forward-to=localhost
/ip dns static add name=linuxforum.ru type=FWD address-list=allow-domains match-subdomain=yes forward-to=localhost
/ip dns static add name=linuxmint.com.ru type=FWD address-list=allow-domains match-subdomain=yes forward-to=localhost
/ip dns static add name=linuxrussia.com type=FWD address-list=allow-domains match-subdomain=yes forward-to=localhost
/ip dns static add name=litres.ru type=FWD address-list=allow-domains match-subdomain=yes forward-to=localhost
/ip dns static add name=live.vkvideo.ru type=FWD address-list=allow-domains match-subdomain=yes forward-to=localhost
/ip dns static add name=livejournal.com type=FWD address-list=allow-domains match-subdomain=yes forward-to=localhost
/ip dns static add name=lms.mupo.ru type=FWD address-list=allow-domains match-subdomain=yes forward-to=localhost
/ip dns static add name=login.p1.worldoftanks.net type=FWD address-list=allow-domains match-subdomain=yes forward-to=localhost
/ip dns static add name=login.p2.worldoftanks.net type=FWD address-list=allow-domains match-subdomain=yes forward-to=localhost
/ip dns static add name=login.p3.worldoftanks.net type=FWD address-list=allow-domains match-subdomain=yes forward-to=localhost
/ip dns static add name=login.p4.worldoftanks.net type=FWD address-list=allow-domains match-subdomain=yes forward-to=localhost
/ip dns static add name=login.p5.worldoftanks.net type=FWD address-list=allow-domains match-subdomain=yes forward-to=localhost
/ip dns static add name=login.p6.worldoftanks.net type=FWD address-list=allow-domains match-subdomain=yes forward-to=localhost
/ip dns static add name=login.p7.worldoftanks.net type=FWD address-list=allow-domains match-subdomain=yes forward-to=localhost
/ip dns static add name=login.p8.worldoftanks.net type=FWD address-list=allow-domains match-subdomain=yes forward-to=localhost
/ip dns static add name=login.p9.worldoftanks.net type=FWD address-list=allow-domains match-subdomain=yes forward-to=localhost
/ip dns static add name=login0.tanksblitz.ru type=FWD address-list=allow-domains match-subdomain=yes forward-to=localhost
/ip dns static add name=login1.tanksblitz.ru type=FWD address-list=allow-domains match-subdomain=yes forward-to=localhost
/ip dns static add name=login2.tanksblitz.ru type=FWD address-list=allow-domains match-subdomain=yes forward-to=localhost
/ip dns static add name=login3.tanksblitz.ru type=FWD address-list=allow-domains match-subdomain=yes forward-to=localhost
/ip dns static add name=login4.tanksblitz.ru type=FWD address-list=allow-domains match-subdomain=yes forward-to=localhost
/ip dns static add name=lolz.guru type=FWD address-list=allow-domains match-subdomain=yes forward-to=localhost
/ip dns static add name=losst.ru type=FWD address-list=allow-domains match-subdomain=yes forward-to=localhost
/ip dns static add name=lostarmour.ru type=FWD address-list=allow-domains match-subdomain=yes forward-to=localhost
/ip dns static add name=lostfilm.info type=FWD address-list=allow-domains match-subdomain=yes forward-to=localhost
/ip dns static add name=lostmagic.ru type=FWD address-list=allow-domains match-subdomain=yes forward-to=localhost
/ip dns static add name=lutik.tv type=FWD address-list=allow-domains match-subdomain=yes forward-to=localhost
/ip dns static add name=magzdb.org type=FWD address-list=allow-domains match-subdomain=yes forward-to=localhost
/ip dns static add name=mail.ru type=FWD address-list=allow-domains match-subdomain=yes forward-to=localhost
/ip dns static add name=mailrugames.com type=FWD address-list=allow-domains match-subdomain=yes forward-to=localhost
/ip dns static add name=mamba.ru type=FWD address-list=allow-domains match-subdomain=yes forward-to=localhost
/ip dns static add name=manaeff.ru type=FWD address-list=allow-domains match-subdomain=yes forward-to=localhost
/ip dns static add name=mangadex.org type=FWD address-list=allow-domains match-subdomain=yes forward-to=localhost
/ip dns static add name=manjaro.ru type=FWD address-list=allow-domains match-subdomain=yes forward-to=localhost
/ip dns static add name=markupeasy.ru type=FWD address-list=allow-domains match-subdomain=yes forward-to=localhost
/ip dns static add name=marshruty.ru type=FWD address-list=allow-domains match-subdomain=yes forward-to=localhost
/ip dns static add name=mastergrad.com type=FWD address-list=allow-domains match-subdomain=yes forward-to=localhost
/ip dns static add name=mchost.ru type=FWD address-list=allow-domains match-subdomain=yes forward-to=localhost
/ip dns static add name=media.gpmradio.ru type=FWD address-list=allow-domains match-subdomain=yes forward-to=localhost
/ip dns static add name=megafon.ru type=FWD address-list=allow-domains match-subdomain=yes forward-to=localhost
/ip dns static add name=megatimer.ru type=FWD address-list=allow-domains match-subdomain=yes forward-to=localhost
/ip dns static add name=melord.net type=FWD address-list=allow-domains match-subdomain=yes forward-to=localhost
/ip dns static add name=memealerts.com type=FWD address-list=allow-domains match-subdomain=yes forward-to=localhost
/ip dns static add name=mephi.ru type=FWD address-list=allow-domains match-subdomain=yes forward-to=localhost
/ip dns static add name=merionet.ru type=FWD address-list=allow-domains match-subdomain=yes forward-to=localhost
/ip dns static add name=metanit.com type=FWD address-list=allow-domains match-subdomain=yes forward-to=localhost
/ip dns static add name=meteotrend.com type=FWD address-list=allow-domains match-subdomain=yes forward-to=localhost
/ip dns static add name=mhdd.ru type=FWD address-list=allow-domains match-subdomain=yes forward-to=localhost
/ip dns static add name=micro-solution.ru type=FWD address-list=allow-domains match-subdomain=yes forward-to=localhost
/ip dns static add name=micrus.ru type=FWD address-list=allow-domains match-subdomain=yes forward-to=localhost
/ip dns static add name=mikrotik.wiki type=FWD address-list=allow-domains match-subdomain=yes forward-to=localhost
/ip dns static add name=mil.ru type=FWD address-list=allow-domains match-subdomain=yes forward-to=localhost
/ip dns static add name=mipt.ru type=FWD address-list=allow-domains match-subdomain=yes forward-to=localhost
/ip dns static add name=mir24.tv type=FWD address-list=allow-domains match-subdomain=yes forward-to=localhost
/ip dns static add name=miralinks.ru type=FWD address-list=allow-domains match-subdomain=yes forward-to=localhost
/ip dns static add name=miranda-ng.org type=FWD address-list=allow-domains match-subdomain=yes forward-to=localhost
/ip dns static add name=mirkosmosa.ru type=FWD address-list=allow-domains match-subdomain=yes forward-to=localhost
/ip dns static add name=mirplus.info type=FWD address-list=allow-domains match-subdomain=yes forward-to=localhost
/ip dns static add name=mirtesen.ru type=FWD address-list=allow-domains match-subdomain=yes forward-to=localhost
/ip dns static add name=mk.ru type=FWD address-list=allow-domains match-subdomain=yes forward-to=localhost
/ip dns static add name=mmnt.ru type=FWD address-list=allow-domains match-subdomain=yes forward-to=localhost
/ip dns static add name=mobstudio.ru type=FWD address-list=allow-domains match-subdomain=yes forward-to=localhost
/ip dns static add name=monitor.net.ru type=FWD address-list=allow-domains match-subdomain=yes forward-to=localhost
/ip dns static add name=monitorlab.ru type=FWD address-list=allow-domains match-subdomain=yes forward-to=localhost
/ip dns static add name=monteon.ru type=FWD address-list=allow-domains match-subdomain=yes forward-to=localhost
/ip dns static add name=moonback.ru type=FWD address-list=allow-domains match-subdomain=yes forward-to=localhost
/ip dns static add name=moyaposylka.ru type=FWD address-list=allow-domains match-subdomain=yes forward-to=localhost
/ip dns static add name=msdk.freshchat.com type=FWD address-list=allow-domains match-subdomain=yes forward-to=localhost
/ip dns static add name=msg13.core.tf type=FWD address-list=allow-domains match-subdomain=yes forward-to=localhost
/ip dns static add name=msreview.net type=FWD address-list=allow-domains match-subdomain=yes forward-to=localhost
/ip dns static add name=mts.ru type=FWD address-list=allow-domains match-subdomain=yes forward-to=localhost
/ip dns static add name=mupo.ru type=FWD address-list=allow-domains match-subdomain=yes forward-to=localhost
/ip dns static add name=musicwars.ru type=FWD address-list=allow-domains match-subdomain=yes forward-to=localhost
/ip dns static add name=my.com type=FWD address-list=allow-domains match-subdomain=yes forward-to=localhost
/ip dns static add name=my.games type=FWD address-list=allow-domains match-subdomain=yes forward-to=localhost
/ip dns static add name=myarena.ru type=FWD address-list=allow-domains match-subdomain=yes forward-to=localhost
/ip dns static add name=myarena.site type=FWD address-list=allow-domains match-subdomain=yes forward-to=localhost
/ip dns static add name=mybook.ru type=FWD address-list=allow-domains match-subdomain=yes forward-to=localhost
/ip dns static add name=myfanfic.ru type=FWD address-list=allow-domains match-subdomain=yes forward-to=localhost
/ip dns static add name=myshows.me type=FWD address-list=allow-domains match-subdomain=yes forward-to=localhost
/ip dns static add name=mysku.club type=FWD address-list=allow-domains match-subdomain=yes forward-to=localhost
/ip dns static add name=mysku.ru type=FWD address-list=allow-domains match-subdomain=yes forward-to=localhost
/ip dns static add name=myvi.tv type=FWD address-list=allow-domains match-subdomain=yes forward-to=localhost
/ip dns static add name=n.tracktor.site type=FWD address-list=allow-domains match-subdomain=yes forward-to=localhost
/ip dns static add name=nag.ru type=FWD address-list=allow-domains match-subdomain=yes forward-to=localhost
/ip dns static add name=nag.wiki type=FWD address-list=allow-domains match-subdomain=yes forward-to=localhost
/ip dns static add name=narfu.ru type=FWD address-list=allow-domains match-subdomain=yes forward-to=localhost
/ip dns static add name=narodmon.ru type=FWD address-list=allow-domains match-subdomain=yes forward-to=localhost
/ip dns static add name=nashe.ru type=FWD address-list=allow-domains match-subdomain=yes forward-to=localhost
/ip dns static add name=neosvc.ru type=FWD address-list=allow-domains match-subdomain=yes forward-to=localhost
/ip dns static add name=netology.ru type=FWD address-list=allow-domains match-subdomain=yes forward-to=localhost
/ip dns static add name=new-team.org type=FWD address-list=allow-domains match-subdomain=yes forward-to=localhost
/ip dns static add name=news-front.info type=FWD address-list=allow-domains match-subdomain=yes forward-to=localhost
/ip dns static add name=newxboxone.ru type=FWD address-list=allow-domains match-subdomain=yes forward-to=localhost
/ip dns static add name=ngs.ru type=FWD address-list=allow-domains match-subdomain=yes forward-to=localhost
/ip dns static add name=nihon-go.ru type=FWD address-list=allow-domains match-subdomain=yes forward-to=localhost
/ip dns static add name=nix.ru type=FWD address-list=allow-domains match-subdomain=yes forward-to=localhost
/ip dns static add name=nm-g.ru type=FWD address-list=allow-domains match-subdomain=yes forward-to=localhost
/ip dns static add name=nnmclub.to type=FWD address-list=allow-domains match-subdomain=yes forward-to=localhost
/ip dns static add name=npoiskra.ru type=FWD address-list=allow-domains match-subdomain=yes forward-to=localhost
/ip dns static add name=nsc.ru type=FWD address-list=allow-domains match-subdomain=yes forward-to=localhost
/ip dns static add name=nstatic.ru type=FWD address-list=allow-domains match-subdomain=yes forward-to=localhost
/ip dns static add name=ntv.ru type=FWD address-list=allow-domains match-subdomain=yes forward-to=localhost
/ip dns static add name=ntvplus.ru type=FWD address-list=allow-domains match-subdomain=yes forward-to=localhost
/ip dns static add name=nuipogoda.ru type=FWD address-list=allow-domains match-subdomain=yes forward-to=localhost
/ip dns static add name=nuum.ru type=FWD address-list=allow-domains match-subdomain=yes forward-to=localhost
/ip dns static add name=obu4alka.ru type=FWD address-list=allow-domains match-subdomain=yes forward-to=localhost
/ip dns static add name=og-ti.ru type=FWD address-list=allow-domains match-subdomain=yes forward-to=localhost
/ip dns static add name=okdk.ru type=FWD address-list=allow-domains match-subdomain=yes forward-to=localhost
/ip dns static add name=old-combats.com type=FWD address-list=allow-domains match-subdomain=yes forward-to=localhost
/ip dns static add name=old-games.ru type=FWD address-list=allow-domains match-subdomain=yes forward-to=localhost
/ip dns static add name=oldbk2.com type=FWD address-list=allow-domains match-subdomain=yes forward-to=localhost
/ip dns static add name=onespot.one type=FWD address-list=allow-domains match-subdomain=yes forward-to=localhost
/ip dns static add name=onetrust.com type=FWD address-list=allow-domains match-subdomain=yes forward-to=localhost
/ip dns static add name=online-cloud.moscow type=FWD address-list=allow-domains match-subdomain=yes forward-to=localhost
/ip dns static add name=onlinezakladki.ru type=FWD address-list=allow-domains match-subdomain=yes forward-to=localhost
/ip dns static add name=ontvtime.ru type=FWD address-list=allow-domains match-subdomain=yes forward-to=localhost
/ip dns static add name=opencart-russia.ru type=FWD address-list=allow-domains match-subdomain=yes forward-to=localhost
/ip dns static add name=opennet.ru type=FWD address-list=allow-domains match-subdomain=yes forward-to=localhost
/ip dns static add name=opentrackers.org type=FWD address-list=allow-domains match-subdomain=yes forward-to=localhost
/ip dns static add name=orderingmemory.com type=FWD address-list=allow-domains match-subdomain=yes forward-to=localhost
/ip dns static add name=osnova.io type=FWD address-list=allow-domains match-subdomain=yes forward-to=localhost
/ip dns static add name=osu.ru type=FWD address-list=allow-domains match-subdomain=yes forward-to=localhost
/ip dns static add name=otchet-online.ru type=FWD address-list=allow-domains match-subdomain=yes forward-to=localhost
/ip dns static add name=ott-play.com type=FWD address-list=allow-domains match-subdomain=yes forward-to=localhost
/ip dns static add name=outsidethebox.ms type=FWD address-list=allow-domains match-subdomain=yes forward-to=localhost
/ip dns static add name=overclockers.ru type=FWD address-list=allow-domains match-subdomain=yes forward-to=localhost
/ip dns static add name=oxy.cloud type=FWD address-list=allow-domains match-subdomain=yes forward-to=localhost
/ip dns static add name=oxy.st type=FWD address-list=allow-domains match-subdomain=yes forward-to=localhost
/ip dns static add name=ozon.ru type=FWD address-list=allow-domains match-subdomain=yes forward-to=localhost
/ip dns static add name=p-on.ru type=FWD address-list=allow-domains match-subdomain=yes forward-to=localhost
/ip dns static add name=pascalabc.net type=FWD address-list=allow-domains match-subdomain=yes forward-to=localhost
/ip dns static add name=pathofexile.com type=FWD address-list=allow-domains match-subdomain=yes forward-to=localhost
/ip dns static add name=patriarchia.ru type=FWD address-list=allow-domains match-subdomain=yes forward-to=localhost
/ip dns static add name=paymaster.ru type=FWD address-list=allow-domains match-subdomain=yes forward-to=localhost
/ip dns static add name=pchela.media type=FWD address-list=allow-domains match-subdomain=yes forward-to=localhost
/ip dns static add name=pcprogs.net type=FWD address-list=allow-domains match-subdomain=yes forward-to=localhost
/ip dns static add name=pct.amocrm.ru type=FWD address-list=allow-domains match-subdomain=yes forward-to=localhost
/ip dns static add name=peertube.su type=FWD address-list=allow-domains match-subdomain=yes forward-to=localhost
/ip dns static add name=performer.emg.fm type=FWD address-list=allow-domains match-subdomain=yes forward-to=localhost
/ip dns static add name=perviynomer.ru type=FWD address-list=allow-domains match-subdomain=yes forward-to=localhost
/ip dns static add name=php.ru type=FWD address-list=allow-domains match-subdomain=yes forward-to=localhost
/ip dns static add name=phpbbguru.net type=FWD address-list=allow-domains match-subdomain=yes forward-to=localhost
/ip dns static add name=pikabu.ru type=FWD address-list=allow-domains match-subdomain=yes forward-to=localhost
/ip dns static add name=pikuco.ru type=FWD address-list=allow-domains match-subdomain=yes forward-to=localhost
/ip dns static add name=pingvinus.ru type=FWD address-list=allow-domains match-subdomain=yes forward-to=localhost
/ip dns static add name=pksspb.ru type=FWD address-list=allow-domains match-subdomain=yes forward-to=localhost
/ip dns static add name=planetaexcel.ru type=FWD address-list=allow-domains match-subdomain=yes forward-to=localhost
/ip dns static add name=playground.ru type=FWD address-list=allow-domains match-subdomain=yes forward-to=localhost
/ip dns static add name=playme8.ru type=FWD address-list=allow-domains match-subdomain=yes forward-to=localhost
/ip dns static add name=pluggedin.ru type=FWD address-list=allow-domains match-subdomain=yes forward-to=localhost
/ip dns static add name=podolyaka.su type=FWD address-list=allow-domains match-subdomain=yes forward-to=localhost
/ip dns static add name=poig.ru type=FWD address-list=allow-domains match-subdomain=yes forward-to=localhost
/ip dns static add name=pooshock.ru type=FWD address-list=allow-domains match-subdomain=yes forward-to=localhost
/ip dns static add name=pornreactor.cc type=FWD address-list=allow-domains match-subdomain=yes forward-to=localhost
/ip dns static add name=poweruser.guru type=FWD address-list=allow-domains match-subdomain=yes forward-to=localhost
/ip dns static add name=pozdravik.ru type=FWD address-list=allow-domains match-subdomain=yes forward-to=localhost
/ip dns static add name=poznet.ru type=FWD address-list=allow-domains match-subdomain=yes forward-to=localhost
/ip dns static add name=pravdabeslana.ru type=FWD address-list=allow-domains match-subdomain=yes forward-to=localhost
/ip dns static add name=pravenc.ru type=FWD address-list=allow-domains match-subdomain=yes forward-to=localhost
/ip dns static add name=premier.one type=FWD address-list=allow-domains match-subdomain=yes forward-to=localhost
/ip dns static add name=pressa.ru type=FWD address-list=allow-domains match-subdomain=yes forward-to=localhost
/ip dns static add name=prikolnik.com type=FWD address-list=allow-domains match-subdomain=yes forward-to=localhost
/ip dns static add name=proglib.io type=FWD address-list=allow-domains match-subdomain=yes forward-to=localhost
/ip dns static add name=prolaz.su type=FWD address-list=allow-domains match-subdomain=yes forward-to=localhost
/ip dns static add name=promodj.com type=FWD address-list=allow-domains match-subdomain=yes forward-to=localhost
/ip dns static add name=psxplanet.ru type=FWD address-list=allow-domains match-subdomain=yes forward-to=localhost
/ip dns static add name=ptspb.ru type=FWD address-list=allow-domains match-subdomain=yes forward-to=localhost
/ip dns static add name=pyatilistnik.org type=FWD address-list=allow-domains match-subdomain=yes forward-to=localhost
/ip dns static add name=pydocs.ru type=FWD address-list=allow-domains match-subdomain=yes forward-to=localhost
/ip dns static add name=qiwi.com type=FWD address-list=allow-domains match-subdomain=yes forward-to=localhost
/ip dns static add name=qrz.ru type=FWD address-list=allow-domains match-subdomain=yes forward-to=localhost
/ip dns static add name=radcap.ru type=FWD address-list=allow-domains match-subdomain=yes forward-to=localhost
/ip dns static add name=radio.ru type=FWD address-list=allow-domains match-subdomain=yes forward-to=localhost
/ip dns static add name=radiokot.ru type=FWD address-list=allow-domains match-subdomain=yes forward-to=localhost
/ip dns static add name=radiopotok.ru type=FWD address-list=allow-domains match-subdomain=yes forward-to=localhost
/ip dns static add name=radiorecord.magonet.ru type=FWD address-list=allow-domains match-subdomain=yes forward-to=localhost
/ip dns static add name=radiorecord.ru type=FWD address-list=allow-domains match-subdomain=yes forward-to=localhost
/ip dns static add name=radioscanner.net type=FWD address-list=allow-domains match-subdomain=yes forward-to=localhost
/ip dns static add name=radioscanner.ru type=FWD address-list=allow-domains match-subdomain=yes forward-to=localhost
/ip dns static add name=rambler.ru type=FWD address-list=allow-domains match-subdomain=yes forward-to=localhost
/ip dns static add name=rbc.ru type=FWD address-list=allow-domains match-subdomain=yes forward-to=localhost
/ip dns static add name=rcl-radio.ru type=FWD address-list=allow-domains match-subdomain=yes forward-to=localhost
/ip dns static add name=reg.ru type=FWD address-list=allow-domains match-subdomain=yes forward-to=localhost
/ip dns static add name=remont-aud.net type=FWD address-list=allow-domains match-subdomain=yes forward-to=localhost
/ip dns static add name=remontcompa.ru type=FWD address-list=allow-domains match-subdomain=yes forward-to=localhost
/ip dns static add name=remontflash.ru type=FWD address-list=allow-domains match-subdomain=yes forward-to=localhost
/ip dns static add name=remontka.pro type=FWD address-list=allow-domains match-subdomain=yes forward-to=localhost
/ip dns static add name=remplanner.ru type=FWD address-list=allow-domains match-subdomain=yes forward-to=localhost
/ip dns static add name=repack.me type=FWD address-list=allow-domains match-subdomain=yes forward-to=localhost
/ip dns static add name=rezka.ag type=FWD address-list=allow-domains match-subdomain=yes forward-to=localhost
/ip dns static add name=rf-cheats.ru type=FWD address-list=allow-domains match-subdomain=yes forward-to=localhost
/ip dns static add name=rfn.ru type=FWD address-list=allow-domains match-subdomain=yes forward-to=localhost
/ip dns static add name=ria.ru type=FWD address-list=allow-domains match-subdomain=yes forward-to=localhost
/ip dns static add name=rian.com.ua type=FWD address-list=allow-domains match-subdomain=yes forward-to=localhost
/ip dns static add name=rian.ru type=FWD address-list=allow-domains match-subdomain=yes forward-to=localhost
/ip dns static add name=rinoptica.ru type=FWD address-list=allow-domains match-subdomain=yes forward-to=localhost
/ip dns static add name=riperam.org type=FWD address-list=allow-domains match-subdomain=yes forward-to=localhost
/ip dns static add name=rncb.ru type=FWD address-list=allow-domains match-subdomain=yes forward-to=localhost
/ip dns static add name=rock-n-roll.ru type=FWD address-list=allow-domains match-subdomain=yes forward-to=localhost
/ip dns static add name=rolz.org type=FWD address-list=allow-domains match-subdomain=yes forward-to=localhost
/ip dns static add name=rosebook.ru type=FWD address-list=allow-domains match-subdomain=yes forward-to=localhost
/ip dns static add name=rp-universe.ru type=FWD address-list=allow-domains match-subdomain=yes forward-to=localhost
/ip dns static add name=rp5.ru type=FWD address-list=allow-domains match-subdomain=yes forward-to=localhost
/ip dns static add name=rsload.net type=FWD address-list=allow-domains match-subdomain=yes forward-to=localhost
/ip dns static add name=rsload.ru type=FWD address-list=allow-domains match-subdomain=yes forward-to=localhost
/ip dns static add name=rsload.website type=FWD address-list=allow-domains match-subdomain=yes forward-to=localhost
/ip dns static add name=rt.com type=FWD address-list=allow-domains match-subdomain=yes forward-to=localhost
/ip dns static add name=rtcomm.ru type=FWD address-list=allow-domains match-subdomain=yes forward-to=localhost
/ip dns static add name=rtfm.wiki type=FWD address-list=allow-domains match-subdomain=yes forward-to=localhost
/ip dns static add name=ru.com type=FWD address-list=allow-domains match-subdomain=yes forward-to=localhost
/ip dns static add name=ru.ldplayer.net type=FWD address-list=allow-domains match-subdomain=yes forward-to=localhost
/ip dns static add name=ru.meteotrend.com type=FWD address-list=allow-domains match-subdomain=yes forward-to=localhost
/ip dns static add name=rucomics.info type=FWD address-list=allow-domains match-subdomain=yes forward-to=localhost
/ip dns static add name=rus-linux.net type=FWD address-list=allow-domains match-subdomain=yes forward-to=localhost
/ip dns static add name=rusf.ru type=FWD address-list=allow-domains match-subdomain=yes forward-to=localhost
/ip dns static add name=rust-lang.ru type=FWD address-list=allow-domains match-subdomain=yes forward-to=localhost
/ip dns static add name=rusvesna.su type=FWD address-list=allow-domains match-subdomain=yes forward-to=localhost
/ip dns static add name=rutab.net type=FWD address-list=allow-domains match-subdomain=yes forward-to=localhost
/ip dns static add name=rutor.info type=FWD address-list=allow-domains match-subdomain=yes forward-to=localhost
/ip dns static add name=rutracker.org type=FWD address-list=allow-domains match-subdomain=yes forward-to=localhost
/ip dns static add name=rutrk.org type=FWD address-list=allow-domains match-subdomain=yes forward-to=localhost
/ip dns static add name=rutube.ru type=FWD address-list=allow-domains match-subdomain=yes forward-to=localhost
/ip dns static add name=rutubelist.ru type=FWD address-list=allow-domains match-subdomain=yes forward-to=localhost
/ip dns static add name=ruvoip.net type=FWD address-list=allow-domains match-subdomain=yes forward-to=localhost
/ip dns static add name=ruweb.net type=FWD address-list=allow-domains match-subdomain=yes forward-to=localhost
/ip dns static add name=rv77.pw type=FWD address-list=allow-domains match-subdomain=yes forward-to=localhost
/ip dns static add name=rzd.ru type=FWD address-list=allow-domains match-subdomain=yes forward-to=localhost
/ip dns static add name=sadmin.io type=FWD address-list=allow-domains match-subdomain=yes forward-to=localhost
/ip dns static add name=samlab.ws type=FWD address-list=allow-domains match-subdomain=yes forward-to=localhost
/ip dns static add name=sampo.ru type=FWD address-list=allow-domains match-subdomain=yes forward-to=localhost
/ip dns static add name=sape.ru type=FWD address-list=allow-domains match-subdomain=yes forward-to=localhost
/ip dns static add name=sberbank.ru type=FWD address-list=allow-domains match-subdomain=yes forward-to=localhost
/ip dns static add name=sc2tv.ru type=FWD address-list=allow-domains match-subdomain=yes forward-to=localhost
/ip dns static add name=scanmatik.ru type=FWD address-list=allow-domains match-subdomain=yes forward-to=localhost
/ip dns static add name=seasonvar.ru type=FWD address-list=allow-domains match-subdomain=yes forward-to=localhost
/ip dns static add name=secretra.com type=FWD address-list=allow-domains match-subdomain=yes forward-to=localhost
/ip dns static add name=segodnya.tv type=FWD address-list=allow-domains match-subdomain=yes forward-to=localhost
/ip dns static add name=selectel.org type=FWD address-list=allow-domains match-subdomain=yes forward-to=localhost
/ip dns static add name=sendfile.su type=FWD address-list=allow-domains match-subdomain=yes forward-to=localhost
/ip dns static add name=sendsay.ru type=FWD address-list=allow-domains match-subdomain=yes forward-to=localhost
/ip dns static add name=sentry-cdn.com type=FWD address-list=allow-domains match-subdomain=yes forward-to=localhost
/ip dns static add name=sergeistrelec.ru type=FWD address-list=allow-domains match-subdomain=yes forward-to=localhost
/ip dns static add name=serveradmin.ru type=FWD address-list=allow-domains match-subdomain=yes forward-to=localhost
/ip dns static add name=shareman.tv type=FWD address-list=allow-domains match-subdomain=yes forward-to=localhost
/ip dns static add name=showgogo.ru type=FWD address-list=allow-domains match-subdomain=yes forward-to=localhost
/ip dns static add name=showip.net type=FWD address-list=allow-domains match-subdomain=yes forward-to=localhost
/ip dns static add name=sibnet.ru type=FWD address-list=allow-domains match-subdomain=yes forward-to=localhost
/ip dns static add name=simsync.io type=FWD address-list=allow-domains match-subdomain=yes forward-to=localhost
/ip dns static add name=sipnet.ru type=FWD address-list=allow-domains match-subdomain=yes forward-to=localhost
/ip dns static add name=skladchik.com type=FWD address-list=allow-domains match-subdomain=yes forward-to=localhost
/ip dns static add name=skladchik.org type=FWD address-list=allow-domains match-subdomain=yes forward-to=localhost
/ip dns static add name=skyeng.ru type=FWD address-list=allow-domains match-subdomain=yes forward-to=localhost
/ip dns static add name=sledcom.ru type=FWD address-list=allow-domains match-subdomain=yes forward-to=localhost
/ip dns static add name=slimboxtv.ru type=FWD address-list=allow-domains match-subdomain=yes forward-to=localhost
/ip dns static add name=slo.ru type=FWD address-list=allow-domains match-subdomain=yes forward-to=localhost
/ip dns static add name=slurm.io type=FWD address-list=allow-domains match-subdomain=yes forward-to=localhost
/ip dns static add name=smotrim.ru type=FWD address-list=allow-domains match-subdomain=yes forward-to=localhost
/ip dns static add name=smtu.ru type=FWD address-list=allow-domains match-subdomain=yes forward-to=localhost
/ip dns static add name=soap4youand.me type=FWD address-list=allow-domains match-subdomain=yes forward-to=localhost
/ip dns static add name=soft-navigator.ru type=FWD address-list=allow-domains match-subdomain=yes forward-to=localhost
/ip dns static add name=sources.ru type=FWD address-list=allow-domains match-subdomain=yes forward-to=localhost
/ip dns static add name=spb.ru type=FWD address-list=allow-domains match-subdomain=yes forward-to=localhost
/ip dns static add name=spbstu.ru type=FWD address-list=allow-domains match-subdomain=yes forward-to=localhost
/ip dns static add name=speedfans.ru type=FWD address-list=allow-domains match-subdomain=yes forward-to=localhost
/ip dns static add name=spletnik.ru type=FWD address-list=allow-domains match-subdomain=yes forward-to=localhost
/ip dns static add name=sputnikimages.com type=FWD address-list=allow-domains match-subdomain=yes forward-to=localhost
/ip dns static add name=sputniknews.com type=FWD address-list=allow-domains match-subdomain=yes forward-to=localhost
/ip dns static add name=starkgames.app type=FWD address-list=allow-domains match-subdomain=yes forward-to=localhost
/ip dns static add name=starline-online.ru type=FWD address-list=allow-domains match-subdomain=yes forward-to=localhost
/ip dns static add name=starline.ru type=FWD address-list=allow-domains match-subdomain=yes forward-to=localhost
/ip dns static add name=start.ru type=FWD address-list=allow-domains match-subdomain=yes forward-to=localhost
/ip dns static add name=startallback.com type=FWD address-list=allow-domains match-subdomain=yes forward-to=localhost
/ip dns static add name=static.viqeo.tv type=FWD address-list=allow-domains match-subdomain=yes forward-to=localhost
/ip dns static add name=static.vl.ru type=FWD address-list=allow-domains match-subdomain=yes forward-to=localhost
/ip dns static add name=stitch.su type=FWD address-list=allow-domains match-subdomain=yes forward-to=localhost
/ip dns static add name=strava.com type=FWD address-list=allow-domains match-subdomain=yes forward-to=localhost
/ip dns static add name=support.my.games type=FWD address-list=allow-domains match-subdomain=yes forward-to=localhost
/ip dns static add name=svetovik.info type=FWD address-list=allow-domains match-subdomain=yes forward-to=localhost
/ip dns static add name=swiftbook.ru type=FWD address-list=allow-domains match-subdomain=yes forward-to=localhost
/ip dns static add name=synapse-pe.fun type=FWD address-list=allow-domains match-subdomain=yes forward-to=localhost
/ip dns static add name=synapse-pe.ru type=FWD address-list=allow-domains match-subdomain=yes forward-to=localhost
/ip dns static add name=synthema.ru type=FWD address-list=allow-domains match-subdomain=yes forward-to=localhost
/ip dns static add name=sysadmins.ru type=FWD address-list=allow-domains match-subdomain=yes forward-to=localhost
/ip dns static add name=tabor.ru type=FWD address-list=allow-domains match-subdomain=yes forward-to=localhost
/ip dns static add name=tadiphone.dev type=FWD address-list=allow-domains match-subdomain=yes forward-to=localhost
/ip dns static add name=tanki.su type=FWD address-list=allow-domains match-subdomain=yes forward-to=localhost
/ip dns static add name=tanksblitz.ru type=FWD address-list=allow-domains match-subdomain=yes forward-to=localhost
/ip dns static add name=tarakanov.net type=FWD address-list=allow-domains match-subdomain=yes forward-to=localhost
/ip dns static add name=tass.ru type=FWD address-list=allow-domains match-subdomain=yes forward-to=localhost
/ip dns static add name=tcpu.ru type=FWD address-list=allow-domains match-subdomain=yes forward-to=localhost
/ip dns static add name=team-host.ru type=FWD address-list=allow-domains match-subdomain=yes forward-to=localhost
/ip dns static add name=techberg.ru type=FWD address-list=allow-domains match-subdomain=yes forward-to=localhost
/ip dns static add name=tehnichka.pro type=FWD address-list=allow-domains match-subdomain=yes forward-to=localhost
/ip dns static add name=teletarget.ru type=FWD address-list=allow-domains match-subdomain=yes forward-to=localhost
/ip dns static add name=televid-sib.ru type=FWD address-list=allow-domains match-subdomain=yes forward-to=localhost
/ip dns static add name=textologia.ru type=FWD address-list=allow-domains match-subdomain=yes forward-to=localhost
/ip dns static add name=teyes.cn type=FWD address-list=allow-domains match-subdomain=yes forward-to=localhost
/ip dns static add name=teyes.ru type=FWD address-list=allow-domains match-subdomain=yes forward-to=localhost
/ip dns static add name=thg.ru type=FWD address-list=allow-domains match-subdomain=yes forward-to=localhost
/ip dns static add name=tidal.com type=FWD address-list=allow-domains match-subdomain=yes forward-to=localhost
/ip dns static add name=tiflo.info type=FWD address-list=allow-domains match-subdomain=yes forward-to=localhost
/ip dns static add name=tinkoff.ru type=FWD address-list=allow-domains match-subdomain=yes forward-to=localhost
/ip dns static add name=tjournal.ru type=FWD address-list=allow-domains match-subdomain=yes forward-to=localhost
/ip dns static add name=tnt-online.ru type=FWD address-list=allow-domains match-subdomain=yes forward-to=localhost
/ip dns static add name=topasnew24.com type=FWD address-list=allow-domains match-subdomain=yes forward-to=localhost
/ip dns static add name=topface.com type=FWD address-list=allow-domains match-subdomain=yes forward-to=localhost
/ip dns static add name=topvisor.com type=FWD address-list=allow-domains match-subdomain=yes forward-to=localhost
/ip dns static add name=tortuga.club type=FWD address-list=allow-domains match-subdomain=yes forward-to=localhost
/ip dns static add name=tpu.ru type=FWD address-list=allow-domains match-subdomain=yes forward-to=localhost
/ip dns static add name=tracktor.site type=FWD address-list=allow-domains match-subdomain=yes forward-to=localhost
/ip dns static add name=trakrd.ru type=FWD address-list=allow-domains match-subdomain=yes forward-to=localhost
/ip dns static add name=trashbox.ru type=FWD address-list=allow-domains match-subdomain=yes forward-to=localhost
/ip dns static add name=treeone.ru type=FWD address-list=allow-domains match-subdomain=yes forward-to=localhost
/ip dns static add name=tribuna.com type=FWD address-list=allow-domains match-subdomain=yes forward-to=localhost
/ip dns static add name=trovo.live type=FWD address-list=allow-domains match-subdomain=yes forward-to=localhost
/ip dns static add name=trovocdn.net type=FWD address-list=allow-domains match-subdomain=yes forward-to=localhost
/ip dns static add name=tunecom.ru type=FWD address-list=allow-domains match-subdomain=yes forward-to=localhost
/ip dns static add name=tuyahome.online type=FWD address-list=allow-domains match-subdomain=yes forward-to=localhost
/ip dns static add name=tvzvezda.ru type=FWD address-list=allow-domains match-subdomain=yes forward-to=localhost
/ip dns static add name=tyuiu.ru type=FWD address-list=allow-domains match-subdomain=yes forward-to=localhost
/ip dns static add name=u2.9111s.ru type=FWD address-list=allow-domains match-subdomain=yes forward-to=localhost
/ip dns static add name=ucoz.ru type=FWD address-list=allow-domains match-subdomain=yes forward-to=localhost
/ip dns static add name=ugoos.twicker.ru type=FWD address-list=allow-domains match-subdomain=yes forward-to=localhost
/ip dns static add name=ukrgarant.com type=FWD address-list=allow-domains match-subdomain=yes forward-to=localhost
/ip dns static add name=ukrtvr.org type=FWD address-list=allow-domains match-subdomain=yes forward-to=localhost
/ip dns static add name=ulstu.ru type=FWD address-list=allow-domains match-subdomain=yes forward-to=localhost
/ip dns static add name=uraltm08.ru type=FWD address-list=allow-domains match-subdomain=yes forward-to=localhost
/ip dns static add name=urtaev.com type=FWD address-list=allow-domains match-subdomain=yes forward-to=localhost
/ip dns static add name=usbdev.ru type=FWD address-list=allow-domains match-subdomain=yes forward-to=localhost
/ip dns static add name=usbtor.ru type=FWD address-list=allow-domains match-subdomain=yes forward-to=localhost
/ip dns static add name=userapi.com type=FWD address-list=allow-domains match-subdomain=yes forward-to=localhost
/ip dns static add name=utmn.ru type=FWD address-list=allow-domains match-subdomain=yes forward-to=localhost
/ip dns static add name=utro.ru type=FWD address-list=allow-domains match-subdomain=yes forward-to=localhost
/ip dns static add name=v3.skladchik.org type=FWD address-list=allow-domains match-subdomain=yes forward-to=localhost
/ip dns static add name=vasilevkirill.ru type=FWD address-list=allow-domains match-subdomain=yes forward-to=localhost
/ip dns static add name=vc.ru type=FWD address-list=allow-domains match-subdomain=yes forward-to=localhost
/ip dns static add name=veesp.com type=FWD address-list=allow-domains match-subdomain=yes forward-to=localhost
/ip dns static add name=vegalab.ru type=FWD address-list=allow-domains match-subdomain=yes forward-to=localhost
/ip dns static add name=veseloeradio.ru type=FWD address-list=allow-domains match-subdomain=yes forward-to=localhost
/ip dns static add name=vesti.ru type=FWD address-list=allow-domains match-subdomain=yes forward-to=localhost
/ip dns static add name=viplime.fun type=FWD address-list=allow-domains match-subdomain=yes forward-to=localhost
/ip dns static add name=viqeo.tv type=FWD address-list=allow-domains match-subdomain=yes forward-to=localhost
/ip dns static add name=virtustec.ru type=FWD address-list=allow-domains match-subdomain=yes forward-to=localhost
/ip dns static add name=visionbot.ru type=FWD address-list=allow-domains match-subdomain=yes forward-to=localhost
/ip dns static add name=visions.ru type=FWD address-list=allow-domains match-subdomain=yes forward-to=localhost
/ip dns static add name=vk-apps.com type=FWD address-list=allow-domains match-subdomain=yes forward-to=localhost
/ip dns static add name=vk.com type=FWD address-list=allow-domains match-subdomain=yes forward-to=localhost
/ip dns static add name=vk.ru type=FWD address-list=allow-domains match-subdomain=yes forward-to=localhost
/ip dns static add name=vkforms.ru type=FWD address-list=allow-domains match-subdomain=yes forward-to=localhost
/ip dns static add name=vkontakte.ru type=FWD address-list=allow-domains match-subdomain=yes forward-to=localhost
/ip dns static add name=vkopt.net type=FWD address-list=allow-domains match-subdomain=yes forward-to=localhost
/ip dns static add name=vkplay.live type=FWD address-list=allow-domains match-subdomain=yes forward-to=localhost
/ip dns static add name=vkvideo.ru type=FWD address-list=allow-domains match-subdomain=yes forward-to=localhost
/ip dns static add name=vl.ru type=FWD address-list=allow-domains match-subdomain=yes forward-to=localhost
/ip dns static add name=vladimirmalikov.com type=FWD address-list=allow-domains match-subdomain=yes forward-to=localhost
/ip dns static add name=vniioeng.ru type=FWD address-list=allow-domains match-subdomain=yes forward-to=localhost
/ip dns static add name=voenmeh.ru type=FWD address-list=allow-domains match-subdomain=yes forward-to=localhost
/ip dns static add name=voice-server.ru type=FWD address-list=allow-domains match-subdomain=yes forward-to=localhost
/ip dns static add name=voidboost.cc type=FWD address-list=allow-domains match-subdomain=yes forward-to=localhost
/ip dns static add name=voidboost.in type=FWD address-list=allow-domains match-subdomain=yes forward-to=localhost
/ip dns static add name=vokino.pro type=FWD address-list=allow-domains match-subdomain=yes forward-to=localhost
/ip dns static add name=vokrug.tv type=FWD address-list=allow-domains match-subdomain=yes forward-to=localhost
/ip dns static add name=vz.ru type=FWD address-list=allow-domains match-subdomain=yes forward-to=localhost
/ip dns static add name=walletone.com type=FWD address-list=allow-domains match-subdomain=yes forward-to=localhost
/ip dns static add name=warezok.net type=FWD address-list=allow-domains match-subdomain=yes forward-to=localhost
/ip dns static add name=wargm.ru type=FWD address-list=allow-domains match-subdomain=yes forward-to=localhost
/ip dns static add name=wasd.tv type=FWD address-list=allow-domains match-subdomain=yes forward-to=localhost
/ip dns static add name=wdho.ru type=FWD address-list=allow-domains match-subdomain=yes forward-to=localhost
/ip dns static add name=webhamster.ru type=FWD address-list=allow-domains match-subdomain=yes forward-to=localhost
/ip dns static add name=webmoney.com type=FWD address-list=allow-domains match-subdomain=yes forward-to=localhost
/ip dns static add name=webmoney.com.ua type=FWD address-list=allow-domains match-subdomain=yes forward-to=localhost
/ip dns static add name=webmoney.ru type=FWD address-list=allow-domains match-subdomain=yes forward-to=localhost
/ip dns static add name=webos-forums.ru type=FWD address-list=allow-domains match-subdomain=yes forward-to=localhost
/ip dns static add name=whitesaas.com type=FWD address-list=allow-domains match-subdomain=yes forward-to=localhost
/ip dns static add name=wiki93.ru type=FWD address-list=allow-domains match-subdomain=yes forward-to=localhost
/ip dns static add name=wikimapia.org type=FWD address-list=allow-domains match-subdomain=yes forward-to=localhost
/ip dns static add name=wildberries.ru type=FWD address-list=allow-domains match-subdomain=yes forward-to=localhost
/ip dns static add name=win-torrent.net type=FWD address-list=allow-domains match-subdomain=yes forward-to=localhost
/ip dns static add name=win10tweaker.ru type=FWD address-list=allow-domains match-subdomain=yes forward-to=localhost
/ip dns static add name=winitpro.ru type=FWD address-list=allow-domains match-subdomain=yes forward-to=localhost
/ip dns static add name=wod.su type=FWD address-list=allow-domains match-subdomain=yes forward-to=localhost
/ip dns static add name=wooordhunt.ru type=FWD address-list=allow-domains match-subdomain=yes forward-to=localhost
/ip dns static add name=world-evolved.ru type=FWD address-list=allow-domains match-subdomain=yes forward-to=localhost
/ip dns static add name=worldcrisis.ru type=FWD address-list=allow-domains match-subdomain=yes forward-to=localhost
/ip dns static add name=wotspeak.ru type=FWD address-list=allow-domains match-subdomain=yes forward-to=localhost
/ip dns static add name=wtftime.ru type=FWD address-list=allow-domains match-subdomain=yes forward-to=localhost
/ip dns static add name=xchess.ru type=FWD address-list=allow-domains match-subdomain=yes forward-to=localhost
/ip dns static add name=xn--c1acbl2abdlkab1og.xn--p1ai type=FWD address-list=allow-domains match-subdomain=yes forward-to=localhost
/ip dns static add name=ya.com type=FWD address-list=allow-domains match-subdomain=yes forward-to=localhost
/ip dns static add name=ya.ru type=FWD address-list=allow-domains match-subdomain=yes forward-to=localhost
/ip dns static add name=yadi.sk type=FWD address-list=allow-domains match-subdomain=yes forward-to=localhost
/ip dns static add name=yadro.ru type=FWD address-list=allow-domains match-subdomain=yes forward-to=localhost
/ip dns static add name=yandex.com type=FWD address-list=allow-domains match-subdomain=yes forward-to=localhost
/ip dns static add name=yandex.net type=FWD address-list=allow-domains match-subdomain=yes forward-to=localhost
/ip dns static add name=yandex.ru type=FWD address-list=allow-domains match-subdomain=yes forward-to=localhost
/ip dns static add name=yandexcloud.net type=FWD address-list=allow-domains match-subdomain=yes forward-to=localhost
/ip dns static add name=yoomoney.ru type=FWD address-list=allow-domains match-subdomain=yes forward-to=localhost
/ip dns static add name=yourok.ru type=FWD address-list=allow-domains match-subdomain=yes forward-to=localhost
/ip dns static add name=ytro.news type=FWD address-list=allow-domains match-subdomain=yes forward-to=localhost
/ip dns static add name=z-oleg.com type=FWD address-list=allow-domains match-subdomain=yes forward-to=localhost
/ip dns static add name=zaycev.net type=FWD address-list=allow-domains match-subdomain=yes forward-to=localhost
/ip dns static add name=zenmoney.ru type=FWD address-list=allow-domains match-subdomain=yes forward-to=localhost
/ip dns static add name=zenon.net type=FWD address-list=allow-domains match-subdomain=yes forward-to=localhost
/ip dns static add name=zilore.com type=FWD address-list=allow-domains match-subdomain=yes forward-to=localhost
/ip dns static add name=zinenkos.site type=FWD address-list=allow-domains match-subdomain=yes forward-to=localhost
/ip dns static add name=zoneofgames.ru type=FWD address-list=allow-domains match-subdomain=yes forward-to=localhost
/ip dns static add name=zozo.gg type=FWD address-list=allow-domains match-subdomain=yes forward-to=localhost
