nftset=/101.ru/4#inet#fw4#vpn_domains
nftset=/16-bits.ru/4#inet#fw4#vpn_domains
nftset=/1internet.tv/4#inet#fw4#vpn_domains
nftset=/1prime.ru/4#inet#fw4#vpn_domains
nftset=/1rsload.ru/4#inet#fw4#vpn_domains
nftset=/1tv.ru/4#inet#fw4#vpn_domains
nftset=/288sb.com/4#inet#fw4#vpn_domains
nftset=/2gis.ua/4#inet#fw4#vpn_domains
nftset=/2kita.com/4#inet#fw4#vpn_domains
nftset=/2whois.ru/4#inet#fw4#vpn_domains
nftset=/3dn.ru/4#inet#fw4#vpn_domains
nftset=/3dnews.ru/4#inet#fw4#vpn_domains
nftset=/3dtoday.ru/4#inet#fw4#vpn_domains
nftset=/4brain.ru/4#inet#fw4#vpn_domains
nftset=/4pda.to/4#inet#fw4#vpn_domains
nftset=/7themes.su/4#inet#fw4#vpn_domains
nftset=/9111s.ru/4#inet#fw4#vpn_domains
nftset=/9649.ru/4#inet#fw4#vpn_domains
nftset=/adacoins.ru/4#inet#fw4#vpn_domains
nftset=/adhigh.net/4#inet#fw4#vpn_domains
nftset=/adwolf.ru/4#inet#fw4#vpn_domains
nftset=/ag.ru/4#inet#fw4#vpn_domains
nftset=/agava.net.ru/4#inet#fw4#vpn_domains
nftset=/aif.ru/4#inet#fw4#vpn_domains
nftset=/aladdin-rd.ru/4#inet#fw4#vpn_domains
nftset=/alfabank.ru/4#inet#fw4#vpn_domains
nftset=/aliexpress.ru/4#inet#fw4#vpn_domains
nftset=/all-poster.ru/4#inet#fw4#vpn_domains
nftset=/amalgama-lab.com/4#inet#fw4#vpn_domains
nftset=/amediateka.ru/4#inet#fw4#vpn_domains
nftset=/amlgames.com/4#inet#fw4#vpn_domains
nftset=/aniqit.com/4#inet#fw4#vpn_domains
nftset=/anomaly-zone.net/4#inet#fw4#vpn_domains
nftset=/anomaly-zone.ru/4#inet#fw4#vpn_domains
nftset=/antispamsniper.com/4#inet#fw4#vpn_domains
nftset=/antistarforce.com/4#inet#fw4#vpn_domains
nftset=/api-prod-europaplus.apptimizm.pro/4#inet#fw4#vpn_domains
nftset=/api.viqeo.tv/4#inet#fw4#vpn_domains
nftset=/apptractor.ru/4#inet#fw4#vpn_domains
nftset=/arbitr.ru/4#inet#fw4#vpn_domains
nftset=/arcanecoast.ru/4#inet#fw4#vpn_domains
nftset=/artmoney.ru/4#inet#fw4#vpn_domains
nftset=/artpeople.ru/4#inet#fw4#vpn_domains
nftset=/ascnb1.ru/4#inet#fw4#vpn_domains
nftset=/asp24.ru/4#inet#fw4#vpn_domains
nftset=/atraining.ru/4#inet#fw4#vpn_domains
nftset=/autobook.one/4#inet#fw4#vpn_domains
nftset=/autosport.com.ru/4#inet#fw4#vpn_domains
nftset=/av3715.ru/4#inet#fw4#vpn_domains
nftset=/avcdn.net/4#inet#fw4#vpn_domains
nftset=/awru.my.games/4#inet#fw4#vpn_domains
nftset=/bafista.ru/4#inet#fw4#vpn_domains
nftset=/bdocodex.com/4#inet#fw4#vpn_domains
nftset=/bedshard.lol/4#inet#fw4#vpn_domains
nftset=/beeline.ru/4#inet#fw4#vpn_domains
nftset=/beget.com/4#inet#fw4#vpn_domains
nftset=/bet365.com/4#inet#fw4#vpn_domains
nftset=/bethesda.net/4#inet#fw4#vpn_domains
nftset=/bigsv.ru/4#inet#fw4#vpn_domains
nftset=/bin.entware.net/4#inet#fw4#vpn_domains
nftset=/bitasproductions.ru/4#inet#fw4#vpn_domains
nftset=/bizon365.ru/4#inet#fw4#vpn_domains
nftset=/blast.hk/4#inet#fw4#vpn_domains
nftset=/bloknot.ru/4#inet#fw4#vpn_domains
nftset=/blynk.tk/4#inet#fw4#vpn_domains
nftset=/boosty.to/4#inet#fw4#vpn_domains
nftset=/burda.ru/4#inet#fw4#vpn_domains
nftset=/cackle.me/4#inet#fw4#vpn_domains
nftset=/calend.ru/4#inet#fw4#vpn_domains
nftset=/cdn.ag.ru/4#inet#fw4#vpn_domains
nftset=/cdn.tf/4#inet#fw4#vpn_domains
nftset=/cdnbunny.org/4#inet#fw4#vpn_domains
nftset=/cdnland.in/4#inet#fw4#vpn_domains
nftset=/cdnvideo.ru/4#inet#fw4#vpn_domains
nftset=/chat.ru/4#inet#fw4#vpn_domains
nftset=/chbrr.crimea.com/4#inet#fw4#vpn_domains
nftset=/chernayamagiya.com/4#inet#fw4#vpn_domains
nftset=/chipmaker.ru/4#inet#fw4#vpn_domains
nftset=/chronos.vl.ru/4#inet#fw4#vpn_domains
nftset=/chto-eto-takoe.ru/4#inet#fw4#vpn_domains
nftset=/ciliz.com/4#inet#fw4#vpn_domains
nftset=/citilink.ru/4#inet#fw4#vpn_domains
nftset=/click.ru/4#inet#fw4#vpn_domains
nftset=/cloud.pocketbook.digital/4#inet#fw4#vpn_domains
nftset=/club443.ru/4#inet#fw4#vpn_domains
nftset=/cnews.ru/4#inet#fw4#vpn_domains
nftset=/code.mu/4#inet#fw4#vpn_domains
nftset=/codenet.ru/4#inet#fw4#vpn_domains
nftset=/college.ru/4#inet#fw4#vpn_domains
nftset=/com.ru/4#inet#fw4#vpn_domains
nftset=/combot.org/4#inet#fw4#vpn_domains
nftset=/consoleclub.fun/4#inet#fw4#vpn_domains
nftset=/cont.ws/4#inet#fw4#vpn_domains
nftset=/conversmod.ru/4#inet#fw4#vpn_domains
nftset=/core.tf/4#inet#fw4#vpn_domains
nftset=/coub.com/4#inet#fw4#vpn_domains
nftset=/cqham.ru/4#inet#fw4#vpn_domains
nftset=/creagames.com/4#inet#fw4#vpn_domains
nftset=/crimea.com/4#inet#fw4#vpn_domains
nftset=/css-ms.ru/4#inet#fw4#vpn_domains
nftset=/cwer.ru/4#inet#fw4#vpn_domains
nftset=/cwer.su/4#inet#fw4#vpn_domains
nftset=/cwer.sucwer.ws/4#inet#fw4#vpn_domains
nftset=/cwer.ws/4#inet#fw4#vpn_domains
nftset=/cyberforum.ru/4#inet#fw4#vpn_domains
nftset=/d-cd.net/4#inet#fw4#vpn_domains
nftset=/d3-28.ru/4#inet#fw4#vpn_domains
nftset=/d4reflection.org/4#inet#fw4#vpn_domains
nftset=/darkside.ru/4#inet#fw4#vpn_domains
nftset=/data.nag.ru/4#inet#fw4#vpn_domains
nftset=/data.nag.wiki/4#inet#fw4#vpn_domains
nftset=/datadome.co/4#inet#fw4#vpn_domains
nftset=/datalock.ru/4#inet#fw4#vpn_domains
nftset=/ddos-guard.net/4#inet#fw4#vpn_domains
nftset=/depirf.ru/4#inet#fw4#vpn_domains
nftset=/des-life.ru/4#inet#fw4#vpn_domains
nftset=/deviantart.net/4#inet#fw4#vpn_domains
nftset=/diakov.net/4#inet#fw4#vpn_domains
nftset=/dimonvideo.ru/4#inet#fw4#vpn_domains
nftset=/dklab.ru/4#inet#fw4#vpn_domains
nftset=/dlink.ru/4#inet#fw4#vpn_domains
nftset=/dmde.ru/4#inet#fw4#vpn_domains
nftset=/dmkos.ru/4#inet#fw4#vpn_domains
nftset=/dnd.su/4#inet#fw4#vpn_domains
nftset=/dns-shop.ru/4#inet#fw4#vpn_domains
nftset=/docs-python.ru/4#inet#fw4#vpn_domains
nftset=/donationalerts.com/4#inet#fw4#vpn_domains
nftset=/dos.zone/4#inet#fw4#vpn_domains
nftset=/drive2.ru/4#inet#fw4#vpn_domains
nftset=/driver.ru/4#inet#fw4#vpn_domains
nftset=/droider.ru/4#inet#fw4#vpn_domains
nftset=/dropmefiles.com/4#inet#fw4#vpn_domains
nftset=/drweb.com/4#inet#fw4#vpn_domains
nftset=/drweb.ru/4#inet#fw4#vpn_domains
nftset=/dtf.ru/4#inet#fw4#vpn_domains
nftset=/dumps.tadiphone.dev/4#inet#fw4#vpn_domains
nftset=/dvhab.ru/4#inet#fw4#vpn_domains
nftset=/dzen.ru/4#inet#fw4#vpn_domains
nftset=/e-06.adwolf.ru/4#inet#fw4#vpn_domains
nftset=/e-hentai.org/4#inet#fw4#vpn_domains
nftset=/e1.ru/4#inet#fw4#vpn_domains
nftset=/easynod.ru/4#inet#fw4#vpn_domains
nftset=/easynod.servebeer.com/4#inet#fw4#vpn_domains
nftset=/eax.me/4#inet#fw4#vpn_domains
nftset=/edemtv.me/4#inet#fw4#vpn_domains
nftset=/elcats.ru/4#inet#fw4#vpn_domains
nftset=/electrotransport.ru/4#inet#fw4#vpn_domains
nftset=/elementy.ru/4#inet#fw4#vpn_domains
nftset=/elibrary.ru/4#inet#fw4#vpn_domains
nftset=/eljur.ru/4#inet#fw4#vpn_domains
nftset=/emgsound.ru/4#inet#fw4#vpn_domains
nftset=/enigma.ua/4#inet#fw4#vpn_domains
nftset=/entware.net/4#inet#fw4#vpn_domains
nftset=/esir.gov.spb.ru/4#inet#fw4#vpn_domains
nftset=/esp8266.ru/4#inet#fw4#vpn_domains
nftset=/esputnik.com/4#inet#fw4#vpn_domains
nftset=/etu.ru/4#inet#fw4#vpn_domains
nftset=/europaplus.ru/4#inet#fw4#vpn_domains
nftset=/excelworld.ru/4#inet#fw4#vpn_domains
nftset=/exesniper.com/4#inet#fw4#vpn_domains
nftset=/exist.parts/4#inet#fw4#vpn_domains
nftset=/f1news.ru/4#inet#fw4#vpn_domains
nftset=/fanfics.me/4#inet#fw4#vpn_domains
nftset=/fansubs.ru/4#inet#fw4#vpn_domains
nftset=/farmanager.com/4#inet#fw4#vpn_domains
nftset=/fastpic.org/4#inet#fw4#vpn_domains
nftset=/fedulovschool.com/4#inet#fw4#vpn_domains
nftset=/feedsmart.ru/4#inet#fw4#vpn_domains
nftset=/ficbook.net/4#inet#fw4#vpn_domains
nftset=/filmic.ac/4#inet#fw4#vpn_domains
nftset=/filmix.ac/4#inet#fw4#vpn_domains
nftset=/fixmypc.ru/4#inet#fw4#vpn_domains
nftset=/flashboot.ru/4#inet#fw4#vpn_domains
nftset=/flipperzero.one/4#inet#fw4#vpn_domains
nftset=/fornote.net/4#inet#fw4#vpn_domains
nftset=/forscan.org/4#inet#fw4#vpn_domains
nftset=/forummikrotik.ru/4#inet#fw4#vpn_domains
nftset=/forumupload.ru/4#inet#fw4#vpn_domains
nftset=/fotopik.net/4#inet#fw4#vpn_domains
nftset=/fotostrana.ru/4#inet#fw4#vpn_domains
nftset=/freelance.ru/4#inet#fw4#vpn_domains
nftset=/freeman42.ru/4#inet#fw4#vpn_domains
nftset=/freize.net/4#inet#fw4#vpn_domains
nftset=/frenglish.ru/4#inet#fw4#vpn_domains
nftset=/ftpserver.biz/4#inet#fw4#vpn_domains
nftset=/game-debate.com/4#inet#fw4#vpn_domains
nftset=/gamearmy.ru/4#inet#fw4#vpn_domains
nftset=/gameawards.ru/4#inet#fw4#vpn_domains
nftset=/gamekot.top/4#inet#fw4#vpn_domains
nftset=/gatoga.ru/4#inet#fw4#vpn_domains
nftset=/gazeta.ru/4#inet#fw4#vpn_domains
nftset=/gcdn.co/4#inet#fw4#vpn_domains
nftset=/getcourse.ru/4#inet#fw4#vpn_domains
nftset=/getnet.pro/4#inet#fw4#vpn_domains
nftset=/gisclub.tv/4#inet#fw4#vpn_domains
nftset=/gismeteo.ru/4#inet#fw4#vpn_domains
nftset=/gitflic.ru/4#inet#fw4#vpn_domains
nftset=/godville.net/4#inet#fw4#vpn_domains
nftset=/goodgame.ru/4#inet#fw4#vpn_domains
nftset=/gosuslugi.ru/4#inet#fw4#vpn_domains
nftset=/gov.ru/4#inet#fw4#vpn_domains
nftset=/gov.spb.ru/4#inet#fw4#vpn_domains
nftset=/government.ru/4#inet#fw4#vpn_domains
nftset=/gpmradio.ru/4#inet#fw4#vpn_domains
nftset=/gs-corp.ru/4#inet#fw4#vpn_domains
nftset=/gta.ru/4#inet#fw4#vpn_domains
nftset=/gubkin.ru/4#inet#fw4#vpn_domains
nftset=/gvol.ru/4#inet#fw4#vpn_domains
nftset=/h-helpers.ru/4#inet#fw4#vpn_domains
nftset=/habr.com/4#inet#fw4#vpn_domains
nftset=/habr.ru/4#inet#fw4#vpn_domains
nftset=/hamsdr.ru/4#inet#fw4#vpn_domains
nftset=/hdrezka.ag/4#inet#fw4#vpn_domains
nftset=/hdrezka.me/4#inet#fw4#vpn_domains
nftset=/hdrezka.org/4#inet#fw4#vpn_domains
nftset=/health-diet.ru/4#inet#fw4#vpn_domains
nftset=/hi-fi-forum.net/4#inet#fw4#vpn_domains
nftset=/hi-fidelity-forum.com/4#inet#fw4#vpn_domains
nftset=/highspeednetwork.ru/4#inet#fw4#vpn_domains
nftset=/hightech.plus/4#inet#fw4#vpn_domains
nftset=/hlboost.ru/4#inet#fw4#vpn_domains
nftset=/hls-01-regions.emgsound.ru/4#inet#fw4#vpn_domains
nftset=/horrorzone.ru/4#inet#fw4#vpn_domains
nftset=/hostingradio.ru/4#inet#fw4#vpn_domains
nftset=/i-edem.tv/4#inet#fw4#vpn_domains
nftset=/iddqd.ru/4#inet#fw4#vpn_domains
nftset=/ideafix.name/4#inet#fw4#vpn_domains
nftset=/ideafix.su/4#inet#fw4#vpn_domains
nftset=/iedem.tv/4#inet#fw4#vpn_domains
nftset=/igromania.ru/4#inet#fw4#vpn_domains
nftset=/iguides.ru/4#inet#fw4#vpn_domains
nftset=/ihc.ru/4#inet#fw4#vpn_domains
nftset=/ihor-hosting.ru/4#inet#fw4#vpn_domains
nftset=/ilook.tv/4#inet#fw4#vpn_domains
nftset=/ilyabirman.ru/4#inet#fw4#vpn_domains
nftset=/imageban.ru/4#inet#fw4#vpn_domains
nftset=/imgzona.video/4#inet#fw4#vpn_domains
nftset=/infergames.com/4#inet#fw4#vpn_domains
nftset=/informing.ru/4#inet#fw4#vpn_domains
nftset=/infostart.ru/4#inet#fw4#vpn_domains
nftset=/inlnk.ru/4#inet#fw4#vpn_domains
nftset=/inosmi.ru/4#inet#fw4#vpn_domains
nftset=/insearch.site/4#inet#fw4#vpn_domains
nftset=/interfax.ru/4#inet#fw4#vpn_domains
nftset=/internet-lab.ru/4#inet#fw4#vpn_domains
nftset=/involta.ru/4#inet#fw4#vpn_domains
nftset=/iplookup.vvdev.ru/4#inet#fw4#vpn_domains
nftset=/iptvin.ru/4#inet#fw4#vpn_domains
nftset=/ispsystem.ru/4#inet#fw4#vpn_domains
nftset=/it999.ru/4#inet#fw4#vpn_domains
nftset=/itc-life.ru/4#inet#fw4#vpn_domains
nftset=/ithelp21.ru/4#inet#fw4#vpn_domains
nftset=/ixbt.com/4#inet#fw4#vpn_domains
nftset=/ixbt.games/4#inet#fw4#vpn_domains
nftset=/iz.ru/4#inet#fw4#vpn_domains
nftset=/jaomix.ru/4#inet#fw4#vpn_domains
nftset=/japancats.ru/4#inet#fw4#vpn_domains
nftset=/jiht.ru/4#inet#fw4#vpn_domains
nftset=/jino.ru/4#inet#fw4#vpn_domains
nftset=/jira.ru/4#inet#fw4#vpn_domains
nftset=/joyreactor.cc/4#inet#fw4#vpn_domains
nftset=/k.cackle.me/4#inet#fw4#vpn_domains
nftset=/k3d.tech/4#inet#fw4#vpn_domains
nftset=/kaspersky.com/4#inet#fw4#vpn_domains
nftset=/kaspersky.ru/4#inet#fw4#vpn_domains
nftset=/kg-portal.ru/4#inet#fw4#vpn_domains
nftset=/kini24.ru/4#inet#fw4#vpn_domains
nftset=/kino-teatr.ru/4#inet#fw4#vpn_domains
nftset=/kinoafisha.ru/4#inet#fw4#vpn_domains
nftset=/kinokong.pro/4#inet#fw4#vpn_domains
nftset=/kinzhal.media/4#inet#fw4#vpn_domains
nftset=/kiozk.ru/4#inet#fw4#vpn_domains
nftset=/kodik.biz/4#inet#fw4#vpn_domains
nftset=/korabli.su/4#inet#fw4#vpn_domains
nftset=/koroleffsov.ru/4#inet#fw4#vpn_domains
nftset=/koronapay.com/4#inet#fw4#vpn_domains
nftset=/koshara.co/4#inet#fw4#vpn_domains
nftset=/kp.ru/4#inet#fw4#vpn_domains
nftset=/kpfu.ru/4#inet#fw4#vpn_domains
nftset=/krt-club.ru/4#inet#fw4#vpn_domains
nftset=/kunch.kg/4#inet#fw4#vpn_domains
nftset=/labirint.ru/4#inet#fw4#vpn_domains
nftset=/laitis.ru/4#inet#fw4#vpn_domains
nftset=/lambda13.online/4#inet#fw4#vpn_domains
nftset=/lampa32.ru/4#inet#fw4#vpn_domains
nftset=/ldplayer.net/4#inet#fw4#vpn_domains
nftset=/lenovo-forums.ru/4#inet#fw4#vpn_domains
nftset=/lenta.ru/4#inet#fw4#vpn_domains
nftset=/leonardo.osnova.io/4#inet#fw4#vpn_domains
nftset=/lesta.ru/4#inet#fw4#vpn_domains
nftset=/lib.ru/4#inet#fw4#vpn_domains
nftset=/lifelink.ru/4#inet#fw4#vpn_domains
nftset=/liga.net/4#inet#fw4#vpn_domains
nftset=/linkmeup.ru/4#inet#fw4#vpn_domains
nftset=/linuxforum.ru/4#inet#fw4#vpn_domains
nftset=/linuxmint.com.ru/4#inet#fw4#vpn_domains
nftset=/linuxrussia.com/4#inet#fw4#vpn_domains
nftset=/litres.ru/4#inet#fw4#vpn_domains
nftset=/live.vkvideo.ru/4#inet#fw4#vpn_domains
nftset=/livejournal.com/4#inet#fw4#vpn_domains
nftset=/lms.mupo.ru/4#inet#fw4#vpn_domains
nftset=/login.p1.worldoftanks.net/4#inet#fw4#vpn_domains
nftset=/login.p2.worldoftanks.net/4#inet#fw4#vpn_domains
nftset=/login.p3.worldoftanks.net/4#inet#fw4#vpn_domains
nftset=/login.p4.worldoftanks.net/4#inet#fw4#vpn_domains
nftset=/login.p5.worldoftanks.net/4#inet#fw4#vpn_domains
nftset=/login.p6.worldoftanks.net/4#inet#fw4#vpn_domains
nftset=/login.p7.worldoftanks.net/4#inet#fw4#vpn_domains
nftset=/login.p8.worldoftanks.net/4#inet#fw4#vpn_domains
nftset=/login.p9.worldoftanks.net/4#inet#fw4#vpn_domains
nftset=/login0.tanksblitz.ru/4#inet#fw4#vpn_domains
nftset=/login1.tanksblitz.ru/4#inet#fw4#vpn_domains
nftset=/login2.tanksblitz.ru/4#inet#fw4#vpn_domains
nftset=/login3.tanksblitz.ru/4#inet#fw4#vpn_domains
nftset=/login4.tanksblitz.ru/4#inet#fw4#vpn_domains
nftset=/lolz.guru/4#inet#fw4#vpn_domains
nftset=/losst.ru/4#inet#fw4#vpn_domains
nftset=/lostarmour.ru/4#inet#fw4#vpn_domains
nftset=/lostfilm.info/4#inet#fw4#vpn_domains
nftset=/lostmagic.ru/4#inet#fw4#vpn_domains
nftset=/lutik.tv/4#inet#fw4#vpn_domains
nftset=/magzdb.org/4#inet#fw4#vpn_domains
nftset=/mail.ru/4#inet#fw4#vpn_domains
nftset=/mailrugames.com/4#inet#fw4#vpn_domains
nftset=/mamba.ru/4#inet#fw4#vpn_domains
nftset=/manaeff.ru/4#inet#fw4#vpn_domains
nftset=/mangadex.org/4#inet#fw4#vpn_domains
nftset=/manjaro.ru/4#inet#fw4#vpn_domains
nftset=/markupeasy.ru/4#inet#fw4#vpn_domains
nftset=/marshruty.ru/4#inet#fw4#vpn_domains
nftset=/mastergrad.com/4#inet#fw4#vpn_domains
nftset=/mchost.ru/4#inet#fw4#vpn_domains
nftset=/media.gpmradio.ru/4#inet#fw4#vpn_domains
nftset=/megafon.ru/4#inet#fw4#vpn_domains
nftset=/megatimer.ru/4#inet#fw4#vpn_domains
nftset=/melord.net/4#inet#fw4#vpn_domains
nftset=/memealerts.com/4#inet#fw4#vpn_domains
nftset=/mephi.ru/4#inet#fw4#vpn_domains
nftset=/merionet.ru/4#inet#fw4#vpn_domains
nftset=/metanit.com/4#inet#fw4#vpn_domains
nftset=/meteotrend.com/4#inet#fw4#vpn_domains
nftset=/mhdd.ru/4#inet#fw4#vpn_domains
nftset=/micro-solution.ru/4#inet#fw4#vpn_domains
nftset=/micrus.ru/4#inet#fw4#vpn_domains
nftset=/mikrotik.wiki/4#inet#fw4#vpn_domains
nftset=/mil.ru/4#inet#fw4#vpn_domains
nftset=/mipt.ru/4#inet#fw4#vpn_domains
nftset=/mir24.tv/4#inet#fw4#vpn_domains
nftset=/miralinks.ru/4#inet#fw4#vpn_domains
nftset=/miranda-ng.org/4#inet#fw4#vpn_domains
nftset=/mirkosmosa.ru/4#inet#fw4#vpn_domains
nftset=/mirplus.info/4#inet#fw4#vpn_domains
nftset=/mirtesen.ru/4#inet#fw4#vpn_domains
nftset=/mk.ru/4#inet#fw4#vpn_domains
nftset=/mmnt.ru/4#inet#fw4#vpn_domains
nftset=/mobstudio.ru/4#inet#fw4#vpn_domains
nftset=/monitor.net.ru/4#inet#fw4#vpn_domains
nftset=/monitorlab.ru/4#inet#fw4#vpn_domains
nftset=/monteon.ru/4#inet#fw4#vpn_domains
nftset=/moonback.ru/4#inet#fw4#vpn_domains
nftset=/moyaposylka.ru/4#inet#fw4#vpn_domains
nftset=/msdk.freshchat.com/4#inet#fw4#vpn_domains
nftset=/msg13.core.tf/4#inet#fw4#vpn_domains
nftset=/msreview.net/4#inet#fw4#vpn_domains
nftset=/mts.ru/4#inet#fw4#vpn_domains
nftset=/mupo.ru/4#inet#fw4#vpn_domains
nftset=/musicwars.ru/4#inet#fw4#vpn_domains
nftset=/my.com/4#inet#fw4#vpn_domains
nftset=/my.games/4#inet#fw4#vpn_domains
nftset=/myarena.ru/4#inet#fw4#vpn_domains
nftset=/myarena.site/4#inet#fw4#vpn_domains
nftset=/mybook.ru/4#inet#fw4#vpn_domains
nftset=/myfanfic.ru/4#inet#fw4#vpn_domains
nftset=/myshows.me/4#inet#fw4#vpn_domains
nftset=/mysku.club/4#inet#fw4#vpn_domains
nftset=/mysku.ru/4#inet#fw4#vpn_domains
nftset=/myvi.tv/4#inet#fw4#vpn_domains
nftset=/n.tracktor.site/4#inet#fw4#vpn_domains
nftset=/nag.ru/4#inet#fw4#vpn_domains
nftset=/nag.wiki/4#inet#fw4#vpn_domains
nftset=/narfu.ru/4#inet#fw4#vpn_domains
nftset=/narodmon.ru/4#inet#fw4#vpn_domains
nftset=/nashe.ru/4#inet#fw4#vpn_domains
nftset=/neosvc.ru/4#inet#fw4#vpn_domains
nftset=/netology.ru/4#inet#fw4#vpn_domains
nftset=/new-team.org/4#inet#fw4#vpn_domains
nftset=/news-front.info/4#inet#fw4#vpn_domains
nftset=/newxboxone.ru/4#inet#fw4#vpn_domains
nftset=/ngs.ru/4#inet#fw4#vpn_domains
nftset=/nihon-go.ru/4#inet#fw4#vpn_domains
nftset=/nix.ru/4#inet#fw4#vpn_domains
nftset=/nm-g.ru/4#inet#fw4#vpn_domains
nftset=/nnmclub.to/4#inet#fw4#vpn_domains
nftset=/npoiskra.ru/4#inet#fw4#vpn_domains
nftset=/nsc.ru/4#inet#fw4#vpn_domains
nftset=/nstatic.ru/4#inet#fw4#vpn_domains
nftset=/ntv.ru/4#inet#fw4#vpn_domains
nftset=/ntvplus.ru/4#inet#fw4#vpn_domains
nftset=/nuipogoda.ru/4#inet#fw4#vpn_domains
nftset=/nuum.ru/4#inet#fw4#vpn_domains
nftset=/obu4alka.ru/4#inet#fw4#vpn_domains
nftset=/og-ti.ru/4#inet#fw4#vpn_domains
nftset=/okdk.ru/4#inet#fw4#vpn_domains
nftset=/old-combats.com/4#inet#fw4#vpn_domains
nftset=/old-games.ru/4#inet#fw4#vpn_domains
nftset=/oldbk2.com/4#inet#fw4#vpn_domains
nftset=/onespot.one/4#inet#fw4#vpn_domains
nftset=/onetrust.com/4#inet#fw4#vpn_domains
nftset=/online-cloud.moscow/4#inet#fw4#vpn_domains
nftset=/onlinezakladki.ru/4#inet#fw4#vpn_domains
nftset=/ontvtime.ru/4#inet#fw4#vpn_domains
nftset=/opencart-russia.ru/4#inet#fw4#vpn_domains
nftset=/opennet.ru/4#inet#fw4#vpn_domains
nftset=/opentrackers.org/4#inet#fw4#vpn_domains
nftset=/orderingmemory.com/4#inet#fw4#vpn_domains
nftset=/osnova.io/4#inet#fw4#vpn_domains
nftset=/osu.ru/4#inet#fw4#vpn_domains
nftset=/otchet-online.ru/4#inet#fw4#vpn_domains
nftset=/ott-play.com/4#inet#fw4#vpn_domains
nftset=/outsidethebox.ms/4#inet#fw4#vpn_domains
nftset=/overclockers.ru/4#inet#fw4#vpn_domains
nftset=/oxy.cloud/4#inet#fw4#vpn_domains
nftset=/oxy.st/4#inet#fw4#vpn_domains
nftset=/ozon.ru/4#inet#fw4#vpn_domains
nftset=/p-on.ru/4#inet#fw4#vpn_domains
nftset=/pascalabc.net/4#inet#fw4#vpn_domains
nftset=/pathofexile.com/4#inet#fw4#vpn_domains
nftset=/patriarchia.ru/4#inet#fw4#vpn_domains
nftset=/paymaster.ru/4#inet#fw4#vpn_domains
nftset=/pchela.media/4#inet#fw4#vpn_domains
nftset=/pcprogs.net/4#inet#fw4#vpn_domains
nftset=/pct.amocrm.ru/4#inet#fw4#vpn_domains
nftset=/peertube.su/4#inet#fw4#vpn_domains
nftset=/performer.emg.fm/4#inet#fw4#vpn_domains
nftset=/perviynomer.ru/4#inet#fw4#vpn_domains
nftset=/php.ru/4#inet#fw4#vpn_domains
nftset=/phpbbguru.net/4#inet#fw4#vpn_domains
nftset=/pikabu.ru/4#inet#fw4#vpn_domains
nftset=/pikuco.ru/4#inet#fw4#vpn_domains
nftset=/pingvinus.ru/4#inet#fw4#vpn_domains
nftset=/pksspb.ru/4#inet#fw4#vpn_domains
nftset=/planetaexcel.ru/4#inet#fw4#vpn_domains
nftset=/playground.ru/4#inet#fw4#vpn_domains
nftset=/playme8.ru/4#inet#fw4#vpn_domains
nftset=/pluggedin.ru/4#inet#fw4#vpn_domains
nftset=/podolyaka.su/4#inet#fw4#vpn_domains
nftset=/poig.ru/4#inet#fw4#vpn_domains
nftset=/pooshock.ru/4#inet#fw4#vpn_domains
nftset=/pornreactor.cc/4#inet#fw4#vpn_domains
nftset=/poweruser.guru/4#inet#fw4#vpn_domains
nftset=/pozdravik.ru/4#inet#fw4#vpn_domains
nftset=/poznet.ru/4#inet#fw4#vpn_domains
nftset=/pravdabeslana.ru/4#inet#fw4#vpn_domains
nftset=/pravenc.ru/4#inet#fw4#vpn_domains
nftset=/premier.one/4#inet#fw4#vpn_domains
nftset=/pressa.ru/4#inet#fw4#vpn_domains
nftset=/prikolnik.com/4#inet#fw4#vpn_domains
nftset=/proglib.io/4#inet#fw4#vpn_domains
nftset=/prolaz.su/4#inet#fw4#vpn_domains
nftset=/promodj.com/4#inet#fw4#vpn_domains
nftset=/psxplanet.ru/4#inet#fw4#vpn_domains
nftset=/ptspb.ru/4#inet#fw4#vpn_domains
nftset=/pyatilistnik.org/4#inet#fw4#vpn_domains
nftset=/pydocs.ru/4#inet#fw4#vpn_domains
nftset=/qiwi.com/4#inet#fw4#vpn_domains
nftset=/qrz.ru/4#inet#fw4#vpn_domains
nftset=/radcap.ru/4#inet#fw4#vpn_domains
nftset=/radio.ru/4#inet#fw4#vpn_domains
nftset=/radiokot.ru/4#inet#fw4#vpn_domains
nftset=/radiopotok.ru/4#inet#fw4#vpn_domains
nftset=/radiorecord.magonet.ru/4#inet#fw4#vpn_domains
nftset=/radiorecord.ru/4#inet#fw4#vpn_domains
nftset=/radioscanner.net/4#inet#fw4#vpn_domains
nftset=/radioscanner.ru/4#inet#fw4#vpn_domains
nftset=/rambler.ru/4#inet#fw4#vpn_domains
nftset=/rbc.ru/4#inet#fw4#vpn_domains
nftset=/rcl-radio.ru/4#inet#fw4#vpn_domains
nftset=/reg.ru/4#inet#fw4#vpn_domains
nftset=/remont-aud.net/4#inet#fw4#vpn_domains
nftset=/remontcompa.ru/4#inet#fw4#vpn_domains
nftset=/remontflash.ru/4#inet#fw4#vpn_domains
nftset=/remontka.pro/4#inet#fw4#vpn_domains
nftset=/remplanner.ru/4#inet#fw4#vpn_domains
nftset=/repack.me/4#inet#fw4#vpn_domains
nftset=/rezka.ag/4#inet#fw4#vpn_domains
nftset=/rf-cheats.ru/4#inet#fw4#vpn_domains
nftset=/rfn.ru/4#inet#fw4#vpn_domains
nftset=/ria.ru/4#inet#fw4#vpn_domains
nftset=/rian.com.ua/4#inet#fw4#vpn_domains
nftset=/rian.ru/4#inet#fw4#vpn_domains
nftset=/rinoptica.ru/4#inet#fw4#vpn_domains
nftset=/riperam.org/4#inet#fw4#vpn_domains
nftset=/rncb.ru/4#inet#fw4#vpn_domains
nftset=/rock-n-roll.ru/4#inet#fw4#vpn_domains
nftset=/rolz.org/4#inet#fw4#vpn_domains
nftset=/rosebook.ru/4#inet#fw4#vpn_domains
nftset=/rp-universe.ru/4#inet#fw4#vpn_domains
nftset=/rp5.ru/4#inet#fw4#vpn_domains
nftset=/rsload.net/4#inet#fw4#vpn_domains
nftset=/rsload.ru/4#inet#fw4#vpn_domains
nftset=/rsload.website/4#inet#fw4#vpn_domains
nftset=/rt.com/4#inet#fw4#vpn_domains
nftset=/rtcomm.ru/4#inet#fw4#vpn_domains
nftset=/rtfm.wiki/4#inet#fw4#vpn_domains
nftset=/ru.com/4#inet#fw4#vpn_domains
nftset=/ru.ldplayer.net/4#inet#fw4#vpn_domains
nftset=/ru.meteotrend.com/4#inet#fw4#vpn_domains
nftset=/rucomics.info/4#inet#fw4#vpn_domains
nftset=/rus-linux.net/4#inet#fw4#vpn_domains
nftset=/rusf.ru/4#inet#fw4#vpn_domains
nftset=/rust-lang.ru/4#inet#fw4#vpn_domains
nftset=/rusvesna.su/4#inet#fw4#vpn_domains
nftset=/rutab.net/4#inet#fw4#vpn_domains
nftset=/rutor.info/4#inet#fw4#vpn_domains
nftset=/rutracker.org/4#inet#fw4#vpn_domains
nftset=/rutrk.org/4#inet#fw4#vpn_domains
nftset=/rutube.ru/4#inet#fw4#vpn_domains
nftset=/rutubelist.ru/4#inet#fw4#vpn_domains
nftset=/ruvoip.net/4#inet#fw4#vpn_domains
nftset=/ruweb.net/4#inet#fw4#vpn_domains
nftset=/rv77.pw/4#inet#fw4#vpn_domains
nftset=/rzd.ru/4#inet#fw4#vpn_domains
nftset=/sadmin.io/4#inet#fw4#vpn_domains
nftset=/samlab.ws/4#inet#fw4#vpn_domains
nftset=/sampo.ru/4#inet#fw4#vpn_domains
nftset=/sape.ru/4#inet#fw4#vpn_domains
nftset=/sberbank.ru/4#inet#fw4#vpn_domains
nftset=/sc2tv.ru/4#inet#fw4#vpn_domains
nftset=/scanmatik.ru/4#inet#fw4#vpn_domains
nftset=/seasonvar.ru/4#inet#fw4#vpn_domains
nftset=/secretra.com/4#inet#fw4#vpn_domains
nftset=/segodnya.tv/4#inet#fw4#vpn_domains
nftset=/selectel.org/4#inet#fw4#vpn_domains
nftset=/sendfile.su/4#inet#fw4#vpn_domains
nftset=/sendsay.ru/4#inet#fw4#vpn_domains
nftset=/sentry-cdn.com/4#inet#fw4#vpn_domains
nftset=/sergeistrelec.ru/4#inet#fw4#vpn_domains
nftset=/serveradmin.ru/4#inet#fw4#vpn_domains
nftset=/shareman.tv/4#inet#fw4#vpn_domains
nftset=/showgogo.ru/4#inet#fw4#vpn_domains
nftset=/showip.net/4#inet#fw4#vpn_domains
nftset=/sibnet.ru/4#inet#fw4#vpn_domains
nftset=/simsync.io/4#inet#fw4#vpn_domains
nftset=/sipnet.ru/4#inet#fw4#vpn_domains
nftset=/skladchik.com/4#inet#fw4#vpn_domains
nftset=/skladchik.org/4#inet#fw4#vpn_domains
nftset=/skyeng.ru/4#inet#fw4#vpn_domains
nftset=/sledcom.ru/4#inet#fw4#vpn_domains
nftset=/slimboxtv.ru/4#inet#fw4#vpn_domains
nftset=/slo.ru/4#inet#fw4#vpn_domains
nftset=/slurm.io/4#inet#fw4#vpn_domains
nftset=/smotrim.ru/4#inet#fw4#vpn_domains
nftset=/smtu.ru/4#inet#fw4#vpn_domains
nftset=/soap4youand.me/4#inet#fw4#vpn_domains
nftset=/soft-navigator.ru/4#inet#fw4#vpn_domains
nftset=/sources.ru/4#inet#fw4#vpn_domains
nftset=/spb.ru/4#inet#fw4#vpn_domains
nftset=/spbstu.ru/4#inet#fw4#vpn_domains
nftset=/speedfans.ru/4#inet#fw4#vpn_domains
nftset=/spletnik.ru/4#inet#fw4#vpn_domains
nftset=/sputnikimages.com/4#inet#fw4#vpn_domains
nftset=/sputniknews.com/4#inet#fw4#vpn_domains
nftset=/starkgames.app/4#inet#fw4#vpn_domains
nftset=/starline-online.ru/4#inet#fw4#vpn_domains
nftset=/starline.ru/4#inet#fw4#vpn_domains
nftset=/start.ru/4#inet#fw4#vpn_domains
nftset=/startallback.com/4#inet#fw4#vpn_domains
nftset=/static.viqeo.tv/4#inet#fw4#vpn_domains
nftset=/static.vl.ru/4#inet#fw4#vpn_domains
nftset=/stitch.su/4#inet#fw4#vpn_domains
nftset=/strava.com/4#inet#fw4#vpn_domains
nftset=/support.my.games/4#inet#fw4#vpn_domains
nftset=/svetovik.info/4#inet#fw4#vpn_domains
nftset=/swiftbook.ru/4#inet#fw4#vpn_domains
nftset=/synapse-pe.fun/4#inet#fw4#vpn_domains
nftset=/synapse-pe.ru/4#inet#fw4#vpn_domains
nftset=/synthema.ru/4#inet#fw4#vpn_domains
nftset=/sysadmins.ru/4#inet#fw4#vpn_domains
nftset=/tabor.ru/4#inet#fw4#vpn_domains
nftset=/tadiphone.dev/4#inet#fw4#vpn_domains
nftset=/tanki.su/4#inet#fw4#vpn_domains
nftset=/tanksblitz.ru/4#inet#fw4#vpn_domains
nftset=/tarakanov.net/4#inet#fw4#vpn_domains
nftset=/tass.ru/4#inet#fw4#vpn_domains
nftset=/tcpu.ru/4#inet#fw4#vpn_domains
nftset=/team-host.ru/4#inet#fw4#vpn_domains
nftset=/techberg.ru/4#inet#fw4#vpn_domains
nftset=/tehnichka.pro/4#inet#fw4#vpn_domains
nftset=/teletarget.ru/4#inet#fw4#vpn_domains
nftset=/televid-sib.ru/4#inet#fw4#vpn_domains
nftset=/textologia.ru/4#inet#fw4#vpn_domains
nftset=/teyes.cn/4#inet#fw4#vpn_domains
nftset=/teyes.ru/4#inet#fw4#vpn_domains
nftset=/thg.ru/4#inet#fw4#vpn_domains
nftset=/tidal.com/4#inet#fw4#vpn_domains
nftset=/tiflo.info/4#inet#fw4#vpn_domains
nftset=/tinkoff.ru/4#inet#fw4#vpn_domains
nftset=/tjournal.ru/4#inet#fw4#vpn_domains
nftset=/tnt-online.ru/4#inet#fw4#vpn_domains
nftset=/topasnew24.com/4#inet#fw4#vpn_domains
nftset=/topface.com/4#inet#fw4#vpn_domains
nftset=/topvisor.com/4#inet#fw4#vpn_domains
nftset=/tortuga.club/4#inet#fw4#vpn_domains
nftset=/tpu.ru/4#inet#fw4#vpn_domains
nftset=/tracktor.site/4#inet#fw4#vpn_domains
nftset=/trakrd.ru/4#inet#fw4#vpn_domains
nftset=/trashbox.ru/4#inet#fw4#vpn_domains
nftset=/treeone.ru/4#inet#fw4#vpn_domains
nftset=/tribuna.com/4#inet#fw4#vpn_domains
nftset=/trovo.live/4#inet#fw4#vpn_domains
nftset=/trovocdn.net/4#inet#fw4#vpn_domains
nftset=/tunecom.ru/4#inet#fw4#vpn_domains
nftset=/tuyahome.online/4#inet#fw4#vpn_domains
nftset=/tvzvezda.ru/4#inet#fw4#vpn_domains
nftset=/tyuiu.ru/4#inet#fw4#vpn_domains
nftset=/u2.9111s.ru/4#inet#fw4#vpn_domains
nftset=/ucoz.ru/4#inet#fw4#vpn_domains
nftset=/ugoos.twicker.ru/4#inet#fw4#vpn_domains
nftset=/ukrgarant.com/4#inet#fw4#vpn_domains
nftset=/ukrtvr.org/4#inet#fw4#vpn_domains
nftset=/ulstu.ru/4#inet#fw4#vpn_domains
nftset=/uraltm08.ru/4#inet#fw4#vpn_domains
nftset=/urtaev.com/4#inet#fw4#vpn_domains
nftset=/usbdev.ru/4#inet#fw4#vpn_domains
nftset=/usbtor.ru/4#inet#fw4#vpn_domains
nftset=/userapi.com/4#inet#fw4#vpn_domains
nftset=/utmn.ru/4#inet#fw4#vpn_domains
nftset=/utro.ru/4#inet#fw4#vpn_domains
nftset=/v3.skladchik.org/4#inet#fw4#vpn_domains
nftset=/vasilevkirill.ru/4#inet#fw4#vpn_domains
nftset=/vc.ru/4#inet#fw4#vpn_domains
nftset=/veesp.com/4#inet#fw4#vpn_domains
nftset=/vegalab.ru/4#inet#fw4#vpn_domains
nftset=/veseloeradio.ru/4#inet#fw4#vpn_domains
nftset=/vesti.ru/4#inet#fw4#vpn_domains
nftset=/viplime.fun/4#inet#fw4#vpn_domains
nftset=/viqeo.tv/4#inet#fw4#vpn_domains
nftset=/virtustec.ru/4#inet#fw4#vpn_domains
nftset=/visionbot.ru/4#inet#fw4#vpn_domains
nftset=/visions.ru/4#inet#fw4#vpn_domains
nftset=/vk-apps.com/4#inet#fw4#vpn_domains
nftset=/vk.com/4#inet#fw4#vpn_domains
nftset=/vk.ru/4#inet#fw4#vpn_domains
nftset=/vkforms.ru/4#inet#fw4#vpn_domains
nftset=/vkontakte.ru/4#inet#fw4#vpn_domains
nftset=/vkopt.net/4#inet#fw4#vpn_domains
nftset=/vkplay.live/4#inet#fw4#vpn_domains
nftset=/vkvideo.ru/4#inet#fw4#vpn_domains
nftset=/vl.ru/4#inet#fw4#vpn_domains
nftset=/vladimirmalikov.com/4#inet#fw4#vpn_domains
nftset=/vniioeng.ru/4#inet#fw4#vpn_domains
nftset=/voenmeh.ru/4#inet#fw4#vpn_domains
nftset=/voice-server.ru/4#inet#fw4#vpn_domains
nftset=/voidboost.cc/4#inet#fw4#vpn_domains
nftset=/voidboost.in/4#inet#fw4#vpn_domains
nftset=/vokino.pro/4#inet#fw4#vpn_domains
nftset=/vokrug.tv/4#inet#fw4#vpn_domains
nftset=/vz.ru/4#inet#fw4#vpn_domains
nftset=/walletone.com/4#inet#fw4#vpn_domains
nftset=/warezok.net/4#inet#fw4#vpn_domains
nftset=/wargm.ru/4#inet#fw4#vpn_domains
nftset=/wasd.tv/4#inet#fw4#vpn_domains
nftset=/wdho.ru/4#inet#fw4#vpn_domains
nftset=/webhamster.ru/4#inet#fw4#vpn_domains
nftset=/webmoney.com/4#inet#fw4#vpn_domains
nftset=/webmoney.com.ua/4#inet#fw4#vpn_domains
nftset=/webmoney.ru/4#inet#fw4#vpn_domains
nftset=/webos-forums.ru/4#inet#fw4#vpn_domains
nftset=/whitesaas.com/4#inet#fw4#vpn_domains
nftset=/wiki93.ru/4#inet#fw4#vpn_domains
nftset=/wikimapia.org/4#inet#fw4#vpn_domains
nftset=/wildberries.ru/4#inet#fw4#vpn_domains
nftset=/win-torrent.net/4#inet#fw4#vpn_domains
nftset=/win10tweaker.ru/4#inet#fw4#vpn_domains
nftset=/winitpro.ru/4#inet#fw4#vpn_domains
nftset=/wod.su/4#inet#fw4#vpn_domains
nftset=/wooordhunt.ru/4#inet#fw4#vpn_domains
nftset=/world-evolved.ru/4#inet#fw4#vpn_domains
nftset=/worldcrisis.ru/4#inet#fw4#vpn_domains
nftset=/wotspeak.ru/4#inet#fw4#vpn_domains
nftset=/wtftime.ru/4#inet#fw4#vpn_domains
nftset=/xchess.ru/4#inet#fw4#vpn_domains
nftset=/xn--c1acbl2abdlkab1og.xn--p1ai/4#inet#fw4#vpn_domains
nftset=/ya.com/4#inet#fw4#vpn_domains
nftset=/ya.ru/4#inet#fw4#vpn_domains
nftset=/yadi.sk/4#inet#fw4#vpn_domains
nftset=/yadro.ru/4#inet#fw4#vpn_domains
nftset=/yandex.com/4#inet#fw4#vpn_domains
nftset=/yandex.net/4#inet#fw4#vpn_domains
nftset=/yandex.ru/4#inet#fw4#vpn_domains
nftset=/yandexcloud.net/4#inet#fw4#vpn_domains
nftset=/yoomoney.ru/4#inet#fw4#vpn_domains
nftset=/yourok.ru/4#inet#fw4#vpn_domains
nftset=/ytro.news/4#inet#fw4#vpn_domains
nftset=/z-oleg.com/4#inet#fw4#vpn_domains
nftset=/zaycev.net/4#inet#fw4#vpn_domains
nftset=/zenmoney.ru/4#inet#fw4#vpn_domains
nftset=/zenon.net/4#inet#fw4#vpn_domains
nftset=/zilore.com/4#inet#fw4#vpn_domains
nftset=/zinenkos.site/4#inet#fw4#vpn_domains
nftset=/zoneofgames.ru/4#inet#fw4#vpn_domains
nftset=/zozo.gg/4#inet#fw4#vpn_domains
