ipset=/101.ru/vpn_domains
ipset=/16-bits.ru/vpn_domains
ipset=/1internet.tv/vpn_domains
ipset=/1prime.ru/vpn_domains
ipset=/1rsload.ru/vpn_domains
ipset=/1tv.ru/vpn_domains
ipset=/288sb.com/vpn_domains
ipset=/2gis.ua/vpn_domains
ipset=/2kita.com/vpn_domains
ipset=/2whois.ru/vpn_domains
ipset=/3dn.ru/vpn_domains
ipset=/3dnews.ru/vpn_domains
ipset=/3dtoday.ru/vpn_domains
ipset=/4brain.ru/vpn_domains
ipset=/4pda.to/vpn_domains
ipset=/7themes.su/vpn_domains
ipset=/9111s.ru/vpn_domains
ipset=/9649.ru/vpn_domains
ipset=/adacoins.ru/vpn_domains
ipset=/adhigh.net/vpn_domains
ipset=/adwolf.ru/vpn_domains
ipset=/ag.ru/vpn_domains
ipset=/agava.net.ru/vpn_domains
ipset=/aif.ru/vpn_domains
ipset=/aladdin-rd.ru/vpn_domains
ipset=/alfabank.ru/vpn_domains
ipset=/aliexpress.ru/vpn_domains
ipset=/all-poster.ru/vpn_domains
ipset=/amalgama-lab.com/vpn_domains
ipset=/amediateka.ru/vpn_domains
ipset=/amlgames.com/vpn_domains
ipset=/aniqit.com/vpn_domains
ipset=/anomaly-zone.net/vpn_domains
ipset=/anomaly-zone.ru/vpn_domains
ipset=/antispamsniper.com/vpn_domains
ipset=/antistarforce.com/vpn_domains
ipset=/api-prod-europaplus.apptimizm.pro/vpn_domains
ipset=/api.viqeo.tv/vpn_domains
ipset=/apptractor.ru/vpn_domains
ipset=/arbitr.ru/vpn_domains
ipset=/arcanecoast.ru/vpn_domains
ipset=/artmoney.ru/vpn_domains
ipset=/artpeople.ru/vpn_domains
ipset=/ascnb1.ru/vpn_domains
ipset=/asp24.ru/vpn_domains
ipset=/atraining.ru/vpn_domains
ipset=/autobook.one/vpn_domains
ipset=/autosport.com.ru/vpn_domains
ipset=/av3715.ru/vpn_domains
ipset=/avcdn.net/vpn_domains
ipset=/awru.my.games/vpn_domains
ipset=/bafista.ru/vpn_domains
ipset=/bdocodex.com/vpn_domains
ipset=/bedshard.lol/vpn_domains
ipset=/beeline.ru/vpn_domains
ipset=/beget.com/vpn_domains
ipset=/bet365.com/vpn_domains
ipset=/bethesda.net/vpn_domains
ipset=/bigsv.ru/vpn_domains
ipset=/bin.entware.net/vpn_domains
ipset=/bitasproductions.ru/vpn_domains
ipset=/bizon365.ru/vpn_domains
ipset=/blast.hk/vpn_domains
ipset=/bloknot.ru/vpn_domains
ipset=/blynk.tk/vpn_domains
ipset=/boosty.to/vpn_domains
ipset=/burda.ru/vpn_domains
ipset=/cackle.me/vpn_domains
ipset=/calend.ru/vpn_domains
ipset=/cdn.ag.ru/vpn_domains
ipset=/cdn.tf/vpn_domains
ipset=/cdnbunny.org/vpn_domains
ipset=/cdnland.in/vpn_domains
ipset=/cdnvideo.ru/vpn_domains
ipset=/chat.ru/vpn_domains
ipset=/chbrr.crimea.com/vpn_domains
ipset=/chernayamagiya.com/vpn_domains
ipset=/chipmaker.ru/vpn_domains
ipset=/chronos.vl.ru/vpn_domains
ipset=/chto-eto-takoe.ru/vpn_domains
ipset=/ciliz.com/vpn_domains
ipset=/citilink.ru/vpn_domains
ipset=/click.ru/vpn_domains
ipset=/cloud.pocketbook.digital/vpn_domains
ipset=/club443.ru/vpn_domains
ipset=/cnews.ru/vpn_domains
ipset=/code.mu/vpn_domains
ipset=/codenet.ru/vpn_domains
ipset=/college.ru/vpn_domains
ipset=/com.ru/vpn_domains
ipset=/combot.org/vpn_domains
ipset=/consoleclub.fun/vpn_domains
ipset=/cont.ws/vpn_domains
ipset=/conversmod.ru/vpn_domains
ipset=/core.tf/vpn_domains
ipset=/coub.com/vpn_domains
ipset=/cqham.ru/vpn_domains
ipset=/creagames.com/vpn_domains
ipset=/crimea.com/vpn_domains
ipset=/css-ms.ru/vpn_domains
ipset=/cwer.ru/vpn_domains
ipset=/cwer.su/vpn_domains
ipset=/cwer.sucwer.ws/vpn_domains
ipset=/cwer.ws/vpn_domains
ipset=/cyberforum.ru/vpn_domains
ipset=/d-cd.net/vpn_domains
ipset=/d3-28.ru/vpn_domains
ipset=/d4reflection.org/vpn_domains
ipset=/darkside.ru/vpn_domains
ipset=/data.nag.ru/vpn_domains
ipset=/data.nag.wiki/vpn_domains
ipset=/datadome.co/vpn_domains
ipset=/datalock.ru/vpn_domains
ipset=/ddos-guard.net/vpn_domains
ipset=/depirf.ru/vpn_domains
ipset=/des-life.ru/vpn_domains
ipset=/deviantart.net/vpn_domains
ipset=/diakov.net/vpn_domains
ipset=/dimonvideo.ru/vpn_domains
ipset=/dklab.ru/vpn_domains
ipset=/dlink.ru/vpn_domains
ipset=/dmde.ru/vpn_domains
ipset=/dmkos.ru/vpn_domains
ipset=/dnd.su/vpn_domains
ipset=/dns-shop.ru/vpn_domains
ipset=/docs-python.ru/vpn_domains
ipset=/donationalerts.com/vpn_domains
ipset=/dos.zone/vpn_domains
ipset=/drive2.ru/vpn_domains
ipset=/driver.ru/vpn_domains
ipset=/droider.ru/vpn_domains
ipset=/dropmefiles.com/vpn_domains
ipset=/drweb.com/vpn_domains
ipset=/drweb.ru/vpn_domains
ipset=/dtf.ru/vpn_domains
ipset=/dumps.tadiphone.dev/vpn_domains
ipset=/dvhab.ru/vpn_domains
ipset=/dzen.ru/vpn_domains
ipset=/e-06.adwolf.ru/vpn_domains
ipset=/e-hentai.org/vpn_domains
ipset=/e1.ru/vpn_domains
ipset=/easynod.ru/vpn_domains
ipset=/easynod.servebeer.com/vpn_domains
ipset=/eax.me/vpn_domains
ipset=/edemtv.me/vpn_domains
ipset=/elcats.ru/vpn_domains
ipset=/electrotransport.ru/vpn_domains
ipset=/elementy.ru/vpn_domains
ipset=/elibrary.ru/vpn_domains
ipset=/eljur.ru/vpn_domains
ipset=/emgsound.ru/vpn_domains
ipset=/enigma.ua/vpn_domains
ipset=/entware.net/vpn_domains
ipset=/esir.gov.spb.ru/vpn_domains
ipset=/esp8266.ru/vpn_domains
ipset=/esputnik.com/vpn_domains
ipset=/etu.ru/vpn_domains
ipset=/europaplus.ru/vpn_domains
ipset=/excelworld.ru/vpn_domains
ipset=/exesniper.com/vpn_domains
ipset=/exist.parts/vpn_domains
ipset=/f1news.ru/vpn_domains
ipset=/fanfics.me/vpn_domains
ipset=/fansubs.ru/vpn_domains
ipset=/farmanager.com/vpn_domains
ipset=/fastpic.org/vpn_domains
ipset=/fedulovschool.com/vpn_domains
ipset=/feedsmart.ru/vpn_domains
ipset=/ficbook.net/vpn_domains
ipset=/filmic.ac/vpn_domains
ipset=/filmix.ac/vpn_domains
ipset=/fixmypc.ru/vpn_domains
ipset=/flashboot.ru/vpn_domains
ipset=/flipperzero.one/vpn_domains
ipset=/fornote.net/vpn_domains
ipset=/forscan.org/vpn_domains
ipset=/forummikrotik.ru/vpn_domains
ipset=/forumupload.ru/vpn_domains
ipset=/fotopik.net/vpn_domains
ipset=/fotostrana.ru/vpn_domains
ipset=/freelance.ru/vpn_domains
ipset=/freeman42.ru/vpn_domains
ipset=/freize.net/vpn_domains
ipset=/frenglish.ru/vpn_domains
ipset=/ftpserver.biz/vpn_domains
ipset=/game-debate.com/vpn_domains
ipset=/gamearmy.ru/vpn_domains
ipset=/gameawards.ru/vpn_domains
ipset=/gamekot.top/vpn_domains
ipset=/gatoga.ru/vpn_domains
ipset=/gazeta.ru/vpn_domains
ipset=/gcdn.co/vpn_domains
ipset=/getcourse.ru/vpn_domains
ipset=/getnet.pro/vpn_domains
ipset=/gisclub.tv/vpn_domains
ipset=/gismeteo.ru/vpn_domains
ipset=/gitflic.ru/vpn_domains
ipset=/godville.net/vpn_domains
ipset=/goodgame.ru/vpn_domains
ipset=/gosuslugi.ru/vpn_domains
ipset=/gov.ru/vpn_domains
ipset=/gov.spb.ru/vpn_domains
ipset=/government.ru/vpn_domains
ipset=/gpmradio.ru/vpn_domains
ipset=/gs-corp.ru/vpn_domains
ipset=/gta.ru/vpn_domains
ipset=/gubkin.ru/vpn_domains
ipset=/gvol.ru/vpn_domains
ipset=/h-helpers.ru/vpn_domains
ipset=/habr.com/vpn_domains
ipset=/habr.ru/vpn_domains
ipset=/hamsdr.ru/vpn_domains
ipset=/hdrezka.ag/vpn_domains
ipset=/hdrezka.me/vpn_domains
ipset=/hdrezka.org/vpn_domains
ipset=/health-diet.ru/vpn_domains
ipset=/hi-fi-forum.net/vpn_domains
ipset=/hi-fidelity-forum.com/vpn_domains
ipset=/highspeednetwork.ru/vpn_domains
ipset=/hightech.plus/vpn_domains
ipset=/hlboost.ru/vpn_domains
ipset=/hls-01-regions.emgsound.ru/vpn_domains
ipset=/horrorzone.ru/vpn_domains
ipset=/hostingradio.ru/vpn_domains
ipset=/i-edem.tv/vpn_domains
ipset=/iddqd.ru/vpn_domains
ipset=/ideafix.name/vpn_domains
ipset=/ideafix.su/vpn_domains
ipset=/iedem.tv/vpn_domains
ipset=/igromania.ru/vpn_domains
ipset=/iguides.ru/vpn_domains
ipset=/ihc.ru/vpn_domains
ipset=/ihor-hosting.ru/vpn_domains
ipset=/ilook.tv/vpn_domains
ipset=/ilyabirman.ru/vpn_domains
ipset=/imageban.ru/vpn_domains
ipset=/imgzona.video/vpn_domains
ipset=/infergames.com/vpn_domains
ipset=/informing.ru/vpn_domains
ipset=/infostart.ru/vpn_domains
ipset=/inlnk.ru/vpn_domains
ipset=/inosmi.ru/vpn_domains
ipset=/insearch.site/vpn_domains
ipset=/interfax.ru/vpn_domains
ipset=/internet-lab.ru/vpn_domains
ipset=/involta.ru/vpn_domains
ipset=/iplookup.vvdev.ru/vpn_domains
ipset=/iptvin.ru/vpn_domains
ipset=/ispsystem.ru/vpn_domains
ipset=/it999.ru/vpn_domains
ipset=/itc-life.ru/vpn_domains
ipset=/ithelp21.ru/vpn_domains
ipset=/ixbt.com/vpn_domains
ipset=/ixbt.games/vpn_domains
ipset=/iz.ru/vpn_domains
ipset=/jaomix.ru/vpn_domains
ipset=/japancats.ru/vpn_domains
ipset=/jiht.ru/vpn_domains
ipset=/jino.ru/vpn_domains
ipset=/jira.ru/vpn_domains
ipset=/joyreactor.cc/vpn_domains
ipset=/k.cackle.me/vpn_domains
ipset=/k3d.tech/vpn_domains
ipset=/kaspersky.com/vpn_domains
ipset=/kaspersky.ru/vpn_domains
ipset=/kg-portal.ru/vpn_domains
ipset=/kini24.ru/vpn_domains
ipset=/kino-teatr.ru/vpn_domains
ipset=/kinoafisha.ru/vpn_domains
ipset=/kinokong.pro/vpn_domains
ipset=/kinzhal.media/vpn_domains
ipset=/kiozk.ru/vpn_domains
ipset=/kodik.biz/vpn_domains
ipset=/korabli.su/vpn_domains
ipset=/koroleffsov.ru/vpn_domains
ipset=/koronapay.com/vpn_domains
ipset=/koshara.co/vpn_domains
ipset=/kp.ru/vpn_domains
ipset=/kpfu.ru/vpn_domains
ipset=/krt-club.ru/vpn_domains
ipset=/kunch.kg/vpn_domains
ipset=/labirint.ru/vpn_domains
ipset=/laitis.ru/vpn_domains
ipset=/lambda13.online/vpn_domains
ipset=/lampa32.ru/vpn_domains
ipset=/ldplayer.net/vpn_domains
ipset=/lenovo-forums.ru/vpn_domains
ipset=/lenta.ru/vpn_domains
ipset=/leonardo.osnova.io/vpn_domains
ipset=/lesta.ru/vpn_domains
ipset=/lib.ru/vpn_domains
ipset=/lifelink.ru/vpn_domains
ipset=/liga.net/vpn_domains
ipset=/linkmeup.ru/vpn_domains
ipset=/linuxforum.ru/vpn_domains
ipset=/linuxmint.com.ru/vpn_domains
ipset=/linuxrussia.com/vpn_domains
ipset=/litres.ru/vpn_domains
ipset=/live.vkvideo.ru/vpn_domains
ipset=/livejournal.com/vpn_domains
ipset=/lms.mupo.ru/vpn_domains
ipset=/login.p1.worldoftanks.net/vpn_domains
ipset=/login.p2.worldoftanks.net/vpn_domains
ipset=/login.p3.worldoftanks.net/vpn_domains
ipset=/login.p4.worldoftanks.net/vpn_domains
ipset=/login.p5.worldoftanks.net/vpn_domains
ipset=/login.p6.worldoftanks.net/vpn_domains
ipset=/login.p7.worldoftanks.net/vpn_domains
ipset=/login.p8.worldoftanks.net/vpn_domains
ipset=/login.p9.worldoftanks.net/vpn_domains
ipset=/login0.tanksblitz.ru/vpn_domains
ipset=/login1.tanksblitz.ru/vpn_domains
ipset=/login2.tanksblitz.ru/vpn_domains
ipset=/login3.tanksblitz.ru/vpn_domains
ipset=/login4.tanksblitz.ru/vpn_domains
ipset=/lolz.guru/vpn_domains
ipset=/losst.ru/vpn_domains
ipset=/lostarmour.ru/vpn_domains
ipset=/lostfilm.info/vpn_domains
ipset=/lostmagic.ru/vpn_domains
ipset=/lutik.tv/vpn_domains
ipset=/magzdb.org/vpn_domains
ipset=/mail.ru/vpn_domains
ipset=/mailrugames.com/vpn_domains
ipset=/mamba.ru/vpn_domains
ipset=/manaeff.ru/vpn_domains
ipset=/mangadex.org/vpn_domains
ipset=/manjaro.ru/vpn_domains
ipset=/markupeasy.ru/vpn_domains
ipset=/marshruty.ru/vpn_domains
ipset=/mastergrad.com/vpn_domains
ipset=/mchost.ru/vpn_domains
ipset=/media.gpmradio.ru/vpn_domains
ipset=/megafon.ru/vpn_domains
ipset=/megatimer.ru/vpn_domains
ipset=/melord.net/vpn_domains
ipset=/memealerts.com/vpn_domains
ipset=/mephi.ru/vpn_domains
ipset=/merionet.ru/vpn_domains
ipset=/metanit.com/vpn_domains
ipset=/meteotrend.com/vpn_domains
ipset=/mhdd.ru/vpn_domains
ipset=/micro-solution.ru/vpn_domains
ipset=/micrus.ru/vpn_domains
ipset=/mikrotik.wiki/vpn_domains
ipset=/mil.ru/vpn_domains
ipset=/mipt.ru/vpn_domains
ipset=/mir24.tv/vpn_domains
ipset=/miralinks.ru/vpn_domains
ipset=/miranda-ng.org/vpn_domains
ipset=/mirkosmosa.ru/vpn_domains
ipset=/mirplus.info/vpn_domains
ipset=/mirtesen.ru/vpn_domains
ipset=/mk.ru/vpn_domains
ipset=/mmnt.ru/vpn_domains
ipset=/mobstudio.ru/vpn_domains
ipset=/monitor.net.ru/vpn_domains
ipset=/monitorlab.ru/vpn_domains
ipset=/monteon.ru/vpn_domains
ipset=/moonback.ru/vpn_domains
ipset=/moyaposylka.ru/vpn_domains
ipset=/msdk.freshchat.com/vpn_domains
ipset=/msg13.core.tf/vpn_domains
ipset=/msreview.net/vpn_domains
ipset=/mts.ru/vpn_domains
ipset=/mupo.ru/vpn_domains
ipset=/musicwars.ru/vpn_domains
ipset=/my.com/vpn_domains
ipset=/my.games/vpn_domains
ipset=/myarena.ru/vpn_domains
ipset=/myarena.site/vpn_domains
ipset=/mybook.ru/vpn_domains
ipset=/myfanfic.ru/vpn_domains
ipset=/myshows.me/vpn_domains
ipset=/mysku.club/vpn_domains
ipset=/mysku.ru/vpn_domains
ipset=/myvi.tv/vpn_domains
ipset=/n.tracktor.site/vpn_domains
ipset=/nag.ru/vpn_domains
ipset=/nag.wiki/vpn_domains
ipset=/narfu.ru/vpn_domains
ipset=/narodmon.ru/vpn_domains
ipset=/nashe.ru/vpn_domains
ipset=/neosvc.ru/vpn_domains
ipset=/netology.ru/vpn_domains
ipset=/new-team.org/vpn_domains
ipset=/news-front.info/vpn_domains
ipset=/newxboxone.ru/vpn_domains
ipset=/ngs.ru/vpn_domains
ipset=/nihon-go.ru/vpn_domains
ipset=/nix.ru/vpn_domains
ipset=/nm-g.ru/vpn_domains
ipset=/nnmclub.to/vpn_domains
ipset=/npoiskra.ru/vpn_domains
ipset=/nsc.ru/vpn_domains
ipset=/nstatic.ru/vpn_domains
ipset=/ntv.ru/vpn_domains
ipset=/ntvplus.ru/vpn_domains
ipset=/nuipogoda.ru/vpn_domains
ipset=/nuum.ru/vpn_domains
ipset=/obu4alka.ru/vpn_domains
ipset=/og-ti.ru/vpn_domains
ipset=/okdk.ru/vpn_domains
ipset=/old-combats.com/vpn_domains
ipset=/old-games.ru/vpn_domains
ipset=/oldbk2.com/vpn_domains
ipset=/onespot.one/vpn_domains
ipset=/onetrust.com/vpn_domains
ipset=/online-cloud.moscow/vpn_domains
ipset=/onlinezakladki.ru/vpn_domains
ipset=/ontvtime.ru/vpn_domains
ipset=/opencart-russia.ru/vpn_domains
ipset=/opennet.ru/vpn_domains
ipset=/opentrackers.org/vpn_domains
ipset=/orderingmemory.com/vpn_domains
ipset=/osnova.io/vpn_domains
ipset=/osu.ru/vpn_domains
ipset=/otchet-online.ru/vpn_domains
ipset=/ott-play.com/vpn_domains
ipset=/outsidethebox.ms/vpn_domains
ipset=/overclockers.ru/vpn_domains
ipset=/oxy.cloud/vpn_domains
ipset=/oxy.st/vpn_domains
ipset=/ozon.ru/vpn_domains
ipset=/p-on.ru/vpn_domains
ipset=/pascalabc.net/vpn_domains
ipset=/pathofexile.com/vpn_domains
ipset=/patriarchia.ru/vpn_domains
ipset=/paymaster.ru/vpn_domains
ipset=/pchela.media/vpn_domains
ipset=/pcprogs.net/vpn_domains
ipset=/pct.amocrm.ru/vpn_domains
ipset=/peertube.su/vpn_domains
ipset=/performer.emg.fm/vpn_domains
ipset=/perviynomer.ru/vpn_domains
ipset=/php.ru/vpn_domains
ipset=/phpbbguru.net/vpn_domains
ipset=/pikabu.ru/vpn_domains
ipset=/pikuco.ru/vpn_domains
ipset=/pingvinus.ru/vpn_domains
ipset=/pksspb.ru/vpn_domains
ipset=/planetaexcel.ru/vpn_domains
ipset=/playground.ru/vpn_domains
ipset=/playme8.ru/vpn_domains
ipset=/pluggedin.ru/vpn_domains
ipset=/podolyaka.su/vpn_domains
ipset=/poig.ru/vpn_domains
ipset=/pooshock.ru/vpn_domains
ipset=/pornreactor.cc/vpn_domains
ipset=/poweruser.guru/vpn_domains
ipset=/pozdravik.ru/vpn_domains
ipset=/poznet.ru/vpn_domains
ipset=/pravdabeslana.ru/vpn_domains
ipset=/pravenc.ru/vpn_domains
ipset=/premier.one/vpn_domains
ipset=/pressa.ru/vpn_domains
ipset=/prikolnik.com/vpn_domains
ipset=/proglib.io/vpn_domains
ipset=/prolaz.su/vpn_domains
ipset=/promodj.com/vpn_domains
ipset=/psxplanet.ru/vpn_domains
ipset=/ptspb.ru/vpn_domains
ipset=/pyatilistnik.org/vpn_domains
ipset=/pydocs.ru/vpn_domains
ipset=/qiwi.com/vpn_domains
ipset=/qrz.ru/vpn_domains
ipset=/radcap.ru/vpn_domains
ipset=/radio.ru/vpn_domains
ipset=/radiokot.ru/vpn_domains
ipset=/radiopotok.ru/vpn_domains
ipset=/radiorecord.magonet.ru/vpn_domains
ipset=/radiorecord.ru/vpn_domains
ipset=/radioscanner.net/vpn_domains
ipset=/radioscanner.ru/vpn_domains
ipset=/rambler.ru/vpn_domains
ipset=/rbc.ru/vpn_domains
ipset=/rcl-radio.ru/vpn_domains
ipset=/reg.ru/vpn_domains
ipset=/remont-aud.net/vpn_domains
ipset=/remontcompa.ru/vpn_domains
ipset=/remontflash.ru/vpn_domains
ipset=/remontka.pro/vpn_domains
ipset=/remplanner.ru/vpn_domains
ipset=/repack.me/vpn_domains
ipset=/rezka.ag/vpn_domains
ipset=/rf-cheats.ru/vpn_domains
ipset=/rfn.ru/vpn_domains
ipset=/ria.ru/vpn_domains
ipset=/rian.com.ua/vpn_domains
ipset=/rian.ru/vpn_domains
ipset=/rinoptica.ru/vpn_domains
ipset=/riperam.org/vpn_domains
ipset=/rncb.ru/vpn_domains
ipset=/rock-n-roll.ru/vpn_domains
ipset=/rolz.org/vpn_domains
ipset=/rosebook.ru/vpn_domains
ipset=/rp-universe.ru/vpn_domains
ipset=/rp5.ru/vpn_domains
ipset=/rsload.net/vpn_domains
ipset=/rsload.ru/vpn_domains
ipset=/rsload.website/vpn_domains
ipset=/rt.com/vpn_domains
ipset=/rtcomm.ru/vpn_domains
ipset=/rtfm.wiki/vpn_domains
ipset=/ru.com/vpn_domains
ipset=/ru.ldplayer.net/vpn_domains
ipset=/ru.meteotrend.com/vpn_domains
ipset=/rucomics.info/vpn_domains
ipset=/rus-linux.net/vpn_domains
ipset=/rusf.ru/vpn_domains
ipset=/rust-lang.ru/vpn_domains
ipset=/rusvesna.su/vpn_domains
ipset=/rutab.net/vpn_domains
ipset=/rutor.info/vpn_domains
ipset=/rutracker.org/vpn_domains
ipset=/rutrk.org/vpn_domains
ipset=/rutube.ru/vpn_domains
ipset=/rutubelist.ru/vpn_domains
ipset=/ruvoip.net/vpn_domains
ipset=/ruweb.net/vpn_domains
ipset=/rv77.pw/vpn_domains
ipset=/rzd.ru/vpn_domains
ipset=/sadmin.io/vpn_domains
ipset=/samlab.ws/vpn_domains
ipset=/sampo.ru/vpn_domains
ipset=/sape.ru/vpn_domains
ipset=/sberbank.ru/vpn_domains
ipset=/sc2tv.ru/vpn_domains
ipset=/scanmatik.ru/vpn_domains
ipset=/seasonvar.ru/vpn_domains
ipset=/secretra.com/vpn_domains
ipset=/segodnya.tv/vpn_domains
ipset=/selectel.org/vpn_domains
ipset=/sendfile.su/vpn_domains
ipset=/sendsay.ru/vpn_domains
ipset=/sentry-cdn.com/vpn_domains
ipset=/sergeistrelec.ru/vpn_domains
ipset=/serveradmin.ru/vpn_domains
ipset=/shareman.tv/vpn_domains
ipset=/showgogo.ru/vpn_domains
ipset=/showip.net/vpn_domains
ipset=/sibnet.ru/vpn_domains
ipset=/simsync.io/vpn_domains
ipset=/sipnet.ru/vpn_domains
ipset=/skladchik.com/vpn_domains
ipset=/skladchik.org/vpn_domains
ipset=/skyeng.ru/vpn_domains
ipset=/sledcom.ru/vpn_domains
ipset=/slimboxtv.ru/vpn_domains
ipset=/slo.ru/vpn_domains
ipset=/slurm.io/vpn_domains
ipset=/smotrim.ru/vpn_domains
ipset=/smtu.ru/vpn_domains
ipset=/soap4youand.me/vpn_domains
ipset=/soft-navigator.ru/vpn_domains
ipset=/sources.ru/vpn_domains
ipset=/spb.ru/vpn_domains
ipset=/spbstu.ru/vpn_domains
ipset=/speedfans.ru/vpn_domains
ipset=/spletnik.ru/vpn_domains
ipset=/sputnikimages.com/vpn_domains
ipset=/sputniknews.com/vpn_domains
ipset=/starkgames.app/vpn_domains
ipset=/starline-online.ru/vpn_domains
ipset=/starline.ru/vpn_domains
ipset=/start.ru/vpn_domains
ipset=/startallback.com/vpn_domains
ipset=/static.viqeo.tv/vpn_domains
ipset=/static.vl.ru/vpn_domains
ipset=/stitch.su/vpn_domains
ipset=/strava.com/vpn_domains
ipset=/support.my.games/vpn_domains
ipset=/svetovik.info/vpn_domains
ipset=/swiftbook.ru/vpn_domains
ipset=/synapse-pe.fun/vpn_domains
ipset=/synapse-pe.ru/vpn_domains
ipset=/synthema.ru/vpn_domains
ipset=/sysadmins.ru/vpn_domains
ipset=/tabor.ru/vpn_domains
ipset=/tadiphone.dev/vpn_domains
ipset=/tanki.su/vpn_domains
ipset=/tanksblitz.ru/vpn_domains
ipset=/tarakanov.net/vpn_domains
ipset=/tass.ru/vpn_domains
ipset=/tcpu.ru/vpn_domains
ipset=/team-host.ru/vpn_domains
ipset=/techberg.ru/vpn_domains
ipset=/tehnichka.pro/vpn_domains
ipset=/teletarget.ru/vpn_domains
ipset=/televid-sib.ru/vpn_domains
ipset=/textologia.ru/vpn_domains
ipset=/teyes.cn/vpn_domains
ipset=/teyes.ru/vpn_domains
ipset=/thg.ru/vpn_domains
ipset=/tidal.com/vpn_domains
ipset=/tiflo.info/vpn_domains
ipset=/tinkoff.ru/vpn_domains
ipset=/tjournal.ru/vpn_domains
ipset=/tnt-online.ru/vpn_domains
ipset=/topasnew24.com/vpn_domains
ipset=/topface.com/vpn_domains
ipset=/topvisor.com/vpn_domains
ipset=/tortuga.club/vpn_domains
ipset=/tpu.ru/vpn_domains
ipset=/tracktor.site/vpn_domains
ipset=/trakrd.ru/vpn_domains
ipset=/trashbox.ru/vpn_domains
ipset=/treeone.ru/vpn_domains
ipset=/tribuna.com/vpn_domains
ipset=/trovo.live/vpn_domains
ipset=/trovocdn.net/vpn_domains
ipset=/tunecom.ru/vpn_domains
ipset=/tuyahome.online/vpn_domains
ipset=/tvzvezda.ru/vpn_domains
ipset=/tyuiu.ru/vpn_domains
ipset=/u2.9111s.ru/vpn_domains
ipset=/ucoz.ru/vpn_domains
ipset=/ugoos.twicker.ru/vpn_domains
ipset=/ukrgarant.com/vpn_domains
ipset=/ukrtvr.org/vpn_domains
ipset=/ulstu.ru/vpn_domains
ipset=/uraltm08.ru/vpn_domains
ipset=/urtaev.com/vpn_domains
ipset=/usbdev.ru/vpn_domains
ipset=/usbtor.ru/vpn_domains
ipset=/userapi.com/vpn_domains
ipset=/utmn.ru/vpn_domains
ipset=/utro.ru/vpn_domains
ipset=/v3.skladchik.org/vpn_domains
ipset=/vasilevkirill.ru/vpn_domains
ipset=/vc.ru/vpn_domains
ipset=/veesp.com/vpn_domains
ipset=/vegalab.ru/vpn_domains
ipset=/veseloeradio.ru/vpn_domains
ipset=/vesti.ru/vpn_domains
ipset=/viplime.fun/vpn_domains
ipset=/viqeo.tv/vpn_domains
ipset=/virtustec.ru/vpn_domains
ipset=/visionbot.ru/vpn_domains
ipset=/visions.ru/vpn_domains
ipset=/vk-apps.com/vpn_domains
ipset=/vk.com/vpn_domains
ipset=/vk.ru/vpn_domains
ipset=/vkforms.ru/vpn_domains
ipset=/vkontakte.ru/vpn_domains
ipset=/vkopt.net/vpn_domains
ipset=/vkplay.live/vpn_domains
ipset=/vkvideo.ru/vpn_domains
ipset=/vl.ru/vpn_domains
ipset=/vladimirmalikov.com/vpn_domains
ipset=/vniioeng.ru/vpn_domains
ipset=/voenmeh.ru/vpn_domains
ipset=/voice-server.ru/vpn_domains
ipset=/voidboost.cc/vpn_domains
ipset=/voidboost.in/vpn_domains
ipset=/vokino.pro/vpn_domains
ipset=/vokrug.tv/vpn_domains
ipset=/vz.ru/vpn_domains
ipset=/walletone.com/vpn_domains
ipset=/warezok.net/vpn_domains
ipset=/wargm.ru/vpn_domains
ipset=/wasd.tv/vpn_domains
ipset=/wdho.ru/vpn_domains
ipset=/webhamster.ru/vpn_domains
ipset=/webmoney.com/vpn_domains
ipset=/webmoney.com.ua/vpn_domains
ipset=/webmoney.ru/vpn_domains
ipset=/webos-forums.ru/vpn_domains
ipset=/whitesaas.com/vpn_domains
ipset=/wiki93.ru/vpn_domains
ipset=/wikimapia.org/vpn_domains
ipset=/wildberries.ru/vpn_domains
ipset=/win-torrent.net/vpn_domains
ipset=/win10tweaker.ru/vpn_domains
ipset=/winitpro.ru/vpn_domains
ipset=/wod.su/vpn_domains
ipset=/wooordhunt.ru/vpn_domains
ipset=/world-evolved.ru/vpn_domains
ipset=/worldcrisis.ru/vpn_domains
ipset=/wotspeak.ru/vpn_domains
ipset=/wtftime.ru/vpn_domains
ipset=/xchess.ru/vpn_domains
ipset=/xn--c1acbl2abdlkab1og.xn--p1ai/vpn_domains
ipset=/ya.com/vpn_domains
ipset=/ya.ru/vpn_domains
ipset=/yadi.sk/vpn_domains
ipset=/yadro.ru/vpn_domains
ipset=/yandex.com/vpn_domains
ipset=/yandex.net/vpn_domains
ipset=/yandex.ru/vpn_domains
ipset=/yandexcloud.net/vpn_domains
ipset=/yoomoney.ru/vpn_domains
ipset=/yourok.ru/vpn_domains
ipset=/ytro.news/vpn_domains
ipset=/z-oleg.com/vpn_domains
ipset=/zaycev.net/vpn_domains
ipset=/zenmoney.ru/vpn_domains
ipset=/zenon.net/vpn_domains
ipset=/zilore.com/vpn_domains
ipset=/zinenkos.site/vpn_domains
ipset=/zoneofgames.ru/vpn_domains
ipset=/zozo.gg/vpn_domains
